<html><head>
  <title>NEGATED substring matching attribute selector on middle</title>
  <style type="text/css">div.stub > * { color : red }
div.stub *:not([title*=" on"]) { color : lime }
</style>
  <link rel="author" title="Daniel Glazman" href="http://glazman.org/">
  <link rel="help" href="https://www.w3.org/TR/css3-selectors/#selectors"> <!-- bogus link to make sure it gets found -->
  <link rel="match" href="reference/three-paragraph-lime-characters.xht">
  <meta name="flags" content="">
 </head>
 <body>
<div class="stub">
<!--[ELEMENT('div.stub > *')]--><!--[ELEMENT('div.stub *:not([title*=" on"])')]--><p><!--[TEXT('div.stub > *')]--><!--[TEXT('div.stub *:not([title*=" on"])')]-->This paragraph should be in green characters.<!--[/TEXT('div.stub *:not([title*=" on"])')]--><!--[/TEXT('div.stub > *')]--></p><!--[/ELEMENT('div.stub *:not([title*=" on"])')]--><!--[/ELEMENT('div.stub > *')]-->
<!--[ELEMENT('div.stub > *')]--><!--[ELEMENT('div.stub *:not([title*=" on"])')]--><p title="on chante?"><!--[TEXT('div.stub > *')]--><!--[TEXT('div.stub *:not([title*=" on"])')]-->This paragraph should be in green characters.<!--[/TEXT('div.stub *:not([title*=" on"])')]--><!--[/TEXT('div.stub > *')]--></p><!--[/ELEMENT('div.stub *:not([title*=" on"])')]--><!--[/ELEMENT('div.stub > *')]-->
<!--[ELEMENT('div.stub > *')]--><p title="si on chantait"><!--[TEXT('div.stub > *')]-->
     <!--[/TEXT('div.stub > *')]--><!--[ELEMENT('div.stub *:not([title*=" on"])')]--><span title="si il chante"><!--[TEXT('div.stub > *')]--><!--[TEXT('div.stub *:not([title*=" on"])')]-->This paragraph should be in green characters.<!--[/TEXT('div.stub *:not([title*=" on"])')]--><!--[/TEXT('div.stub > *')]--></span><!--[/ELEMENT('div.stub *:not([title*=" on"])')]--><!--[TEXT('div.stub > *')]-->
<!--[/TEXT('div.stub > *')]--></p><!--[/ELEMENT('div.stub > *')]-->
</div>

</body></html>