<html><head>
  <title>NEGATED :nth-last-of-type() pseudo-class</title>
  <style type="text/css">.red { background-color : red }
p:not(:nth-last-of-type(3)) { background-color : lime }
dl > *:not(:nth-last-of-type(3n+1)) { background-color : lime }
</style>
  <link rel="author" title="Daniel Glazman" href="http://glazman.org/">
  <link rel="author" title="Ian Hickson" href="mailto:ian@hixie.ch">
  <link rel="help" href="https://www.w3.org/TR/css3-selectors/#selectors"> <!-- bogus link to make sure it gets found -->
  <meta name="flags" content="">
 </head>
 <body>
<p>This paragraph should be unstyled.</p>
<address>This address should be unstyled.</address>
<!--[ELEMENT('.red')]--><!--[ELEMENT('p:not(:nth-last-of-type(3))')]--><p class="red"><!--[TEXT('.red')]--><!--[TEXT('p:not(:nth-last-of-type(3))')]-->This paragraph should have green background.<!--[/TEXT('p:not(:nth-last-of-type(3))')]--><!--[/TEXT('.red')]--></p><!--[/ELEMENT('p:not(:nth-last-of-type(3))')]--><!--[/ELEMENT('.red')]-->
<!--[ELEMENT('.red')]--><!--[ELEMENT('p:not(:nth-last-of-type(3))')]--><p class="red"><!--[TEXT('.red')]--><!--[TEXT('p:not(:nth-last-of-type(3))')]-->This paragraph should have green background.<!--[/TEXT('p:not(:nth-last-of-type(3))')]--><!--[/TEXT('.red')]--></p><!--[/ELEMENT('p:not(:nth-last-of-type(3))')]--><!--[/ELEMENT('.red')]-->
<dl>
  <!--[ELEMENT('.red')]--><!--[ELEMENT('dl > *:not(:nth-last-of-type(3n+1))')]--><dt class="red"><!--[TEXT('.red')]--><!--[TEXT('dl > *:not(:nth-last-of-type(3n+1))')]-->First definition term that should have green background.<!--[/TEXT('dl > *:not(:nth-last-of-type(3n+1))')]--><!--[/TEXT('.red')]--></dt><!--[/ELEMENT('dl > *:not(:nth-last-of-type(3n+1))')]--><!--[/ELEMENT('.red')]-->
    <!--[ELEMENT('.red')]--><!--[ELEMENT('dl > *:not(:nth-last-of-type(3n+1))')]--><dd class="red"><!--[TEXT('.red')]--><!--[TEXT('dl > *:not(:nth-last-of-type(3n+1))')]-->First definition that should also have a green background.<!--[/TEXT('dl > *:not(:nth-last-of-type(3n+1))')]--><!--[/TEXT('.red')]--></dd><!--[/ELEMENT('dl > *:not(:nth-last-of-type(3n+1))')]--><!--[/ELEMENT('.red')]-->
  <!--[ELEMENT('.red')]--><!--[ELEMENT('dl > *:not(:nth-last-of-type(3n+1))')]--><dt class="red"><!--[TEXT('.red')]--><!--[TEXT('dl > *:not(:nth-last-of-type(3n+1))')]-->Second definition term that should have green background.<!--[/TEXT('dl > *:not(:nth-last-of-type(3n+1))')]--><!--[/TEXT('.red')]--></dt><!--[/ELEMENT('dl > *:not(:nth-last-of-type(3n+1))')]--><!--[/ELEMENT('.red')]-->
    <!--[ELEMENT('.red')]--><!--[ELEMENT('dl > *:not(:nth-last-of-type(3n+1))')]--><dd class="red"><!--[TEXT('.red')]--><!--[TEXT('dl > *:not(:nth-last-of-type(3n+1))')]-->Second definition that should have green background.<!--[/TEXT('dl > *:not(:nth-last-of-type(3n+1))')]--><!--[/TEXT('.red')]--></dd><!--[/ELEMENT('dl > *:not(:nth-last-of-type(3n+1))')]--><!--[/ELEMENT('.red')]-->
  <dt>Third definition term.</dt>
    <dd>Third definition.</dd>
  <!--[ELEMENT('.red')]--><!--[ELEMENT('dl > *:not(:nth-last-of-type(3n+1))')]--><dt class="red"><!--[TEXT('.red')]--><!--[TEXT('dl > *:not(:nth-last-of-type(3n+1))')]-->Fourth definition term that should have green background.<!--[/TEXT('dl > *:not(:nth-last-of-type(3n+1))')]--><!--[/TEXT('.red')]--></dt><!--[/ELEMENT('dl > *:not(:nth-last-of-type(3n+1))')]--><!--[/ELEMENT('.red')]-->
    <!--[ELEMENT('.red')]--><!--[ELEMENT('dl > *:not(:nth-last-of-type(3n+1))')]--><dd class="red"><!--[TEXT('.red')]--><!--[TEXT('dl > *:not(:nth-last-of-type(3n+1))')]-->Fourth definition that should have green background.<!--[/TEXT('dl > *:not(:nth-last-of-type(3n+1))')]--><!--[/TEXT('.red')]--></dd><!--[/ELEMENT('dl > *:not(:nth-last-of-type(3n+1))')]--><!--[/ELEMENT('.red')]-->
  <!--[ELEMENT('.red')]--><!--[ELEMENT('dl > *:not(:nth-last-of-type(3n+1))')]--><dt class="red"><!--[TEXT('.red')]--><!--[TEXT('dl > *:not(:nth-last-of-type(3n+1))')]-->Fifth definition term that should have green background.<!--[/TEXT('dl > *:not(:nth-last-of-type(3n+1))')]--><!--[/TEXT('.red')]--></dt><!--[/ELEMENT('dl > *:not(:nth-last-of-type(3n+1))')]--><!--[/ELEMENT('.red')]-->
    <!--[ELEMENT('.red')]--><!--[ELEMENT('dl > *:not(:nth-last-of-type(3n+1))')]--><dd class="red"><!--[TEXT('.red')]--><!--[TEXT('dl > *:not(:nth-last-of-type(3n+1))')]-->Fifth definition that should have green background.<!--[/TEXT('dl > *:not(:nth-last-of-type(3n+1))')]--><!--[/TEXT('.red')]--></dd><!--[/ELEMENT('dl > *:not(:nth-last-of-type(3n+1))')]--><!--[/ELEMENT('.red')]-->
  <dt>Sixth definition term.</dt>
    <dd>Sixth definition.</dd>
</dl>

</body></html>