<html><head>
  <title>Syntax and parsing of unknown pseudo-classes and pseudo-elements</title>
  <style type="text/css">
  p { background: lime; }
  p   * { background: lime; }
  p > * { background: lime; }
  p + * { background: lime; }
  p ~ * { background: lime; }

  /* let's try some pseudos that are not valid CSS but are likely to
  be implemented as extensions in some UAs. These should not be
  recognised, as UAs implementing such extensions should use the
  :-vnd-ident syntax. */

  :canvas { background: red; }
  :viewport { background: red; }
  :window { background: red; }
  :menu { background: red; }
  :table { background: red; }
  :select { background: red; }
  ::canvas { background: red; }
  ::viewport { background: red; }
  ::window { background: red; }
  ::menu { background: red; }
  ::table { background: red; }
  ::select { background: red; }
</style>
  <link rel="author" title="Ian Hickson" href="mailto:ian@hixie.ch">
  <link rel="help" href="https://www.w3.org/TR/css3-selectors/#selectors"> <!-- bogus link to make sure it gets found -->
  <meta name="flags" content=" interact">
 </head>
 <body>
 <!--[ELEMENT('p')]--><p><!--[TEXT('p')]-->This line should have a green background.<!--[/TEXT('p')]--></p><!--[/ELEMENT('p')]-->
 <!--[ELEMENT('p')]--><!--[ELEMENT('p + *')]--><!--[ELEMENT('p ~ *')]--><p><!--[TEXT('p')]--><!--[TEXT('p + *')]--><!--[TEXT('p ~ *')]-->
  UAs may render the following element as a pop up menu. If so, please ensure the menu is unstyled (or green).
  <!--[/TEXT('p ~ *')]--><!--[/TEXT('p + *')]--><!--[/TEXT('p')]--><!--[COMMENT('p + *')]--><!--[COMMENT('p ~ *')]--><!--[ELEMENT('p   *')]--><!--[/COMMENT('p ~ *')]--><!--[/COMMENT('p + *')]--><!--[COMMENT('p + *')]--><!--[COMMENT('p ~ *')]--><!--[ELEMENT('p > *')]--><!--[/COMMENT('p ~ *')]--><!--[/COMMENT('p + *')]--><select size="1"><!--[TEXT('p')]--><!--[TEXT('p   *')]--><!--[TEXT('p > *')]--><!--[TEXT('p + *')]--><!--[TEXT('p ~ *')]-->
   <!--[/TEXT('p ~ *')]--><!--[/TEXT('p + *')]--><!--[/TEXT('p > *')]--><!--[/TEXT('p   *')]--><!--[/TEXT('p')]--><!--[COMMENT('p > *')]--><!--[COMMENT('p + *')]--><!--[COMMENT('p ~ *')]--><!--[ELEMENT('p   *')]--><!--[/COMMENT('p ~ *')]--><!--[/COMMENT('p + *')]--><!--[/COMMENT('p > *')]--><option><!--[TEXT('p')]--><!--[TEXT('p   *')]--><!--[TEXT('p   *')]--><!--[TEXT('p > *')]--><!--[TEXT('p + *')]--><!--[TEXT('p ~ *')]-->This should<!--[/TEXT('p ~ *')]--><!--[/TEXT('p + *')]--><!--[/TEXT('p > *')]--><!--[/TEXT('p   *')]--><!--[/TEXT('p   *')]--><!--[/TEXT('p')]--></option><!--[COMMENT('p > *')]--><!--[COMMENT('p + *')]--><!--[COMMENT('p ~ *')]--><!--[/ELEMENT('p   *')]--><!--[/COMMENT('p ~ *')]--><!--[/COMMENT('p + *')]--><!--[/COMMENT('p > *')]--><!--[TEXT('p')]--><!--[TEXT('p   *')]--><!--[TEXT('p > *')]--><!--[TEXT('p + *')]--><!--[TEXT('p ~ *')]-->
   <!--[/TEXT('p ~ *')]--><!--[/TEXT('p + *')]--><!--[/TEXT('p > *')]--><!--[/TEXT('p   *')]--><!--[/TEXT('p')]--><!--[COMMENT('p > *')]--><!--[COMMENT('p + *')]--><!--[COMMENT('p ~ *')]--><!--[ELEMENT('p   *')]--><!--[/COMMENT('p ~ *')]--><!--[/COMMENT('p + *')]--><!--[/COMMENT('p > *')]--><option><!--[TEXT('p')]--><!--[TEXT('p   *')]--><!--[TEXT('p   *')]--><!--[TEXT('p > *')]--><!--[TEXT('p + *')]--><!--[TEXT('p ~ *')]-->have a green<!--[/TEXT('p ~ *')]--><!--[/TEXT('p + *')]--><!--[/TEXT('p > *')]--><!--[/TEXT('p   *')]--><!--[/TEXT('p   *')]--><!--[/TEXT('p')]--></option><!--[COMMENT('p > *')]--><!--[COMMENT('p + *')]--><!--[COMMENT('p ~ *')]--><!--[/ELEMENT('p   *')]--><!--[/COMMENT('p ~ *')]--><!--[/COMMENT('p + *')]--><!--[/COMMENT('p > *')]--><!--[TEXT('p')]--><!--[TEXT('p   *')]--><!--[TEXT('p > *')]--><!--[TEXT('p + *')]--><!--[TEXT('p ~ *')]-->
   <!--[/TEXT('p ~ *')]--><!--[/TEXT('p + *')]--><!--[/TEXT('p > *')]--><!--[/TEXT('p   *')]--><!--[/TEXT('p')]--><!--[COMMENT('p > *')]--><!--[COMMENT('p + *')]--><!--[COMMENT('p ~ *')]--><!--[ELEMENT('p   *')]--><!--[/COMMENT('p ~ *')]--><!--[/COMMENT('p + *')]--><!--[/COMMENT('p > *')]--><option><!--[TEXT('p')]--><!--[TEXT('p   *')]--><!--[TEXT('p   *')]--><!--[TEXT('p > *')]--><!--[TEXT('p + *')]--><!--[TEXT('p ~ *')]-->background.<!--[/TEXT('p ~ *')]--><!--[/TEXT('p + *')]--><!--[/TEXT('p > *')]--><!--[/TEXT('p   *')]--><!--[/TEXT('p   *')]--><!--[/TEXT('p')]--></option><!--[COMMENT('p > *')]--><!--[COMMENT('p + *')]--><!--[COMMENT('p ~ *')]--><!--[/ELEMENT('p   *')]--><!--[/COMMENT('p ~ *')]--><!--[/COMMENT('p + *')]--><!--[/COMMENT('p > *')]--><!--[TEXT('p')]--><!--[TEXT('p   *')]--><!--[TEXT('p > *')]--><!--[TEXT('p + *')]--><!--[TEXT('p ~ *')]-->
  <!--[/TEXT('p ~ *')]--><!--[/TEXT('p + *')]--><!--[/TEXT('p > *')]--><!--[/TEXT('p   *')]--><!--[/TEXT('p')]--></select><!--[COMMENT('p + *')]--><!--[COMMENT('p ~ *')]--><!--[/ELEMENT('p > *')]--><!--[/COMMENT('p ~ *')]--><!--[/COMMENT('p + *')]--><!--[COMMENT('p + *')]--><!--[COMMENT('p ~ *')]--><!--[/ELEMENT('p   *')]--><!--[/COMMENT('p ~ *')]--><!--[/COMMENT('p + *')]--><!--[TEXT('p')]--><!--[TEXT('p + *')]--><!--[TEXT('p ~ *')]-->
 <!--[/TEXT('p ~ *')]--><!--[/TEXT('p + *')]--><!--[/TEXT('p')]--></p><!--[/ELEMENT('p ~ *')]--><!--[/ELEMENT('p + *')]--><!--[/ELEMENT('p')]-->
 <!--[ELEMENT('p + *')]--><!--[ELEMENT('p ~ *')]--><table><tbody><tr><td><!--[TEXT('p + *')]--><!--[TEXT('p ~ *')]-->This line should have a green background (or it might be unstyled).<!--[/TEXT('p ~ *')]--><!--[/TEXT('p + *')]--></td></tr></tbody></table><!--[/ELEMENT('p ~ *')]--><!--[/ELEMENT('p + *')]-->
 <!-- only allowed to be unstyled if + and ~ are not supported -->

</body></html>