<html><head>
  <title>Class selectors</title>
  <style type="text/css">li { background-color : red }
.t1 { background-color : lime }
li.t2 { background-color : lime }
.t3 { background-color : red }</style>
  <link rel="author" title="Daniel Glazman" href="http://glazman.org/">
  <link rel="help" href="https://www.w3.org/TR/css3-selectors/#selectors"> <!-- bogus link to make sure it gets found -->
  <meta name="flags" content="">
 </head>
 <body>
<ul>
  <!--[ELEMENT('li')]--><!--[ELEMENT('.t1')]--><li class="t1"><!--[TEXT('li')]--><!--[TEXT('.t1')]-->This list item should have green background because its class is "t1"<!--[/TEXT('.t1')]--><!--[/TEXT('li')]--></li><!--[/ELEMENT('.t1')]--><!--[/ELEMENT('li')]-->
  <!--[ELEMENT('li')]--><!--[ELEMENT('li.t2')]--><li class="t2"><!--[TEXT('li')]--><!--[TEXT('li.t2')]-->This list item should have green background because its class is "t2"<!--[/TEXT('li.t2')]--><!--[/TEXT('li')]--></li><!--[/ELEMENT('li.t2')]--><!--[/ELEMENT('li')]-->
  <!--[ELEMENT('li')]--><!--[ELEMENT('li.t2')]--><li class="t2"><!--[TEXT('li')]--><!--[TEXT('li.t2')]-->
<!--[/TEXT('li.t2')]--><!--[/TEXT('li')]--><span class="t33"><!--[TEXT('li')]--><!--[TEXT('li.t2')]-->This list item should have green background because
        the inner SPAN does not match SPAN.t3<!--[/TEXT('li.t2')]--><!--[/TEXT('li')]--></span><!--[TEXT('li')]--><!--[TEXT('li.t2')]-->
<!--[/TEXT('li.t2')]--><!--[/TEXT('li')]--></li><!--[/ELEMENT('li.t2')]--><!--[/ELEMENT('li')]-->
</ul>

</body></html>