<html><head>
  <title>NEGATED :nth-last-child() pseudo-class</title>
  <style type="text/css">.red { background-color : red }
ul > li:not(:nth-last-child(odd)) { background-color : lime }
ol > li:not(:nth-last-child(even)) { background-color : lime }
table.t1 tr:not(:nth-last-child(-n+4)) { background-color : lime }
table.t2 td:not(:nth-last-child(3n+1)) { background-color : lime }
table.t1 td, table.t2 td { border : thin black solid }
</style>
  <link rel="author" title="Daniel Glazman" href="http://glazman.org/">
  <link rel="help" href="https://www.w3.org/TR/css3-selectors/#selectors"> <!-- bogus link to make sure it gets found -->
  <meta name="flags" content="">
 </head>
 <body>
<ul>
  <!--[ELEMENT('.red')]--><!--[ELEMENT('ul > li:not(:nth-last-child(odd))')]--><li class="red"><!--[TEXT('.red')]--><!--[TEXT('ul > li:not(:nth-last-child(odd))')]-->This first list item should have a green background<!--[/TEXT('ul > li:not(:nth-last-child(odd))')]--><!--[/TEXT('.red')]--></li><!--[/ELEMENT('ul > li:not(:nth-last-child(odd))')]--><!--[/ELEMENT('.red')]-->
  <li>Second list item</li>
  <!--[ELEMENT('.red')]--><!--[ELEMENT('ul > li:not(:nth-last-child(odd))')]--><li class="red"><!--[TEXT('.red')]--><!--[TEXT('ul > li:not(:nth-last-child(odd))')]-->This third list item should have a green background<!--[/TEXT('ul > li:not(:nth-last-child(odd))')]--><!--[/TEXT('.red')]--></li><!--[/ELEMENT('ul > li:not(:nth-last-child(odd))')]--><!--[/ELEMENT('.red')]-->
  <li>Fourth list item</li>
  <!--[ELEMENT('.red')]--><!--[ELEMENT('ul > li:not(:nth-last-child(odd))')]--><li class="red"><!--[TEXT('.red')]--><!--[TEXT('ul > li:not(:nth-last-child(odd))')]-->This fifth list item should have a green background<!--[/TEXT('ul > li:not(:nth-last-child(odd))')]--><!--[/TEXT('.red')]--></li><!--[/ELEMENT('ul > li:not(:nth-last-child(odd))')]--><!--[/ELEMENT('.red')]-->
  <li>Sixth list item</li>
</ul>
<ol>
  <li>First list item</li>
  <!--[ELEMENT('.red')]--><!--[ELEMENT('ol > li:not(:nth-last-child(even))')]--><li class="red"><!--[TEXT('.red')]--><!--[TEXT('ol > li:not(:nth-last-child(even))')]-->This second list item should have a green background<!--[/TEXT('ol > li:not(:nth-last-child(even))')]--><!--[/TEXT('.red')]--></li><!--[/ELEMENT('ol > li:not(:nth-last-child(even))')]--><!--[/ELEMENT('.red')]-->
  <li>Third list item</li>
  <!--[ELEMENT('.red')]--><!--[ELEMENT('ol > li:not(:nth-last-child(even))')]--><li class="red"><!--[TEXT('.red')]--><!--[TEXT('ol > li:not(:nth-last-child(even))')]-->This fourth list item should have a green background<!--[/TEXT('ol > li:not(:nth-last-child(even))')]--><!--[/TEXT('.red')]--></li><!--[/ELEMENT('ol > li:not(:nth-last-child(even))')]--><!--[/ELEMENT('.red')]-->
  <li>Fifth list item</li>
  <!--[ELEMENT('.red')]--><!--[ELEMENT('ol > li:not(:nth-last-child(even))')]--><li class="red"><!--[TEXT('.red')]--><!--[TEXT('ol > li:not(:nth-last-child(even))')]-->This sixth list item should have a green background<!--[/TEXT('ol > li:not(:nth-last-child(even))')]--><!--[/TEXT('.red')]--></li><!--[/ELEMENT('ol > li:not(:nth-last-child(even))')]--><!--[/ELEMENT('.red')]-->
</ol>
<div>
<table border="1" class="t1">
  <tbody><!--[ELEMENT('.red')]--><!--[ELEMENT('table.t1 tr:not(:nth-last-child(-n+4))')]--><tr class="red"><!--[TEXT('.red')]--><!--[TEXT('table.t1 tr:not(:nth-last-child(-n+4))')]-->
<!--[/TEXT('table.t1 tr:not(:nth-last-child(-n+4))')]--><!--[/TEXT('.red')]--><!--[ELEMENT('table.t1 td, table.t2 td')]--><td><!--[TEXT('.red')]--><!--[TEXT('table.t1 tr:not(:nth-last-child(-n+4))')]--><!--[TEXT('table.t1 td, table.t2 td')]-->Green row : 1.1<!--[/TEXT('table.t1 td, table.t2 td')]--><!--[/TEXT('table.t1 tr:not(:nth-last-child(-n+4))')]--><!--[/TEXT('.red')]--></td><!--[/ELEMENT('table.t1 td, table.t2 td')]--><!--[TEXT('.red')]--><!--[TEXT('table.t1 tr:not(:nth-last-child(-n+4))')]-->
<!--[/TEXT('table.t1 tr:not(:nth-last-child(-n+4))')]--><!--[/TEXT('.red')]--><!--[ELEMENT('table.t1 td, table.t2 td')]--><td><!--[TEXT('.red')]--><!--[TEXT('table.t1 tr:not(:nth-last-child(-n+4))')]--><!--[TEXT('table.t1 td, table.t2 td')]-->1.2<!--[/TEXT('table.t1 td, table.t2 td')]--><!--[/TEXT('table.t1 tr:not(:nth-last-child(-n+4))')]--><!--[/TEXT('.red')]--></td><!--[/ELEMENT('table.t1 td, table.t2 td')]--><!--[TEXT('.red')]--><!--[TEXT('table.t1 tr:not(:nth-last-child(-n+4))')]-->
     <!--[/TEXT('table.t1 tr:not(:nth-last-child(-n+4))')]--><!--[/TEXT('.red')]--><!--[ELEMENT('table.t1 td, table.t2 td')]--><td><!--[TEXT('.red')]--><!--[TEXT('table.t1 tr:not(:nth-last-child(-n+4))')]--><!--[TEXT('table.t1 td, table.t2 td')]-->1.3<!--[/TEXT('table.t1 td, table.t2 td')]--><!--[/TEXT('table.t1 tr:not(:nth-last-child(-n+4))')]--><!--[/TEXT('.red')]--></td><!--[/ELEMENT('table.t1 td, table.t2 td')]--><!--[TEXT('.red')]--><!--[TEXT('table.t1 tr:not(:nth-last-child(-n+4))')]-->
<!--[/TEXT('table.t1 tr:not(:nth-last-child(-n+4))')]--><!--[/TEXT('.red')]--></tr><!--[/ELEMENT('table.t1 tr:not(:nth-last-child(-n+4))')]--><!--[/ELEMENT('.red')]-->
  <!--[ELEMENT('.red')]--><!--[ELEMENT('table.t1 tr:not(:nth-last-child(-n+4))')]--><tr class="red"><!--[TEXT('.red')]--><!--[TEXT('table.t1 tr:not(:nth-last-child(-n+4))')]-->
<!--[/TEXT('table.t1 tr:not(:nth-last-child(-n+4))')]--><!--[/TEXT('.red')]--><!--[ELEMENT('table.t1 td, table.t2 td')]--><td><!--[TEXT('.red')]--><!--[TEXT('table.t1 tr:not(:nth-last-child(-n+4))')]--><!--[TEXT('table.t1 td, table.t2 td')]-->Green row : 2.1<!--[/TEXT('table.t1 td, table.t2 td')]--><!--[/TEXT('table.t1 tr:not(:nth-last-child(-n+4))')]--><!--[/TEXT('.red')]--></td><!--[/ELEMENT('table.t1 td, table.t2 td')]--><!--[TEXT('.red')]--><!--[TEXT('table.t1 tr:not(:nth-last-child(-n+4))')]-->
<!--[/TEXT('table.t1 tr:not(:nth-last-child(-n+4))')]--><!--[/TEXT('.red')]--><!--[ELEMENT('table.t1 td, table.t2 td')]--><td><!--[TEXT('.red')]--><!--[TEXT('table.t1 tr:not(:nth-last-child(-n+4))')]--><!--[TEXT('table.t1 td, table.t2 td')]-->2.2<!--[/TEXT('table.t1 td, table.t2 td')]--><!--[/TEXT('table.t1 tr:not(:nth-last-child(-n+4))')]--><!--[/TEXT('.red')]--></td><!--[/ELEMENT('table.t1 td, table.t2 td')]--><!--[TEXT('.red')]--><!--[TEXT('table.t1 tr:not(:nth-last-child(-n+4))')]-->
     <!--[/TEXT('table.t1 tr:not(:nth-last-child(-n+4))')]--><!--[/TEXT('.red')]--><!--[ELEMENT('table.t1 td, table.t2 td')]--><td><!--[TEXT('.red')]--><!--[TEXT('table.t1 tr:not(:nth-last-child(-n+4))')]--><!--[TEXT('table.t1 td, table.t2 td')]-->2.3<!--[/TEXT('table.t1 td, table.t2 td')]--><!--[/TEXT('table.t1 tr:not(:nth-last-child(-n+4))')]--><!--[/TEXT('.red')]--></td><!--[/ELEMENT('table.t1 td, table.t2 td')]--><!--[TEXT('.red')]--><!--[TEXT('table.t1 tr:not(:nth-last-child(-n+4))')]-->
<!--[/TEXT('table.t1 tr:not(:nth-last-child(-n+4))')]--><!--[/TEXT('.red')]--></tr><!--[/ELEMENT('table.t1 tr:not(:nth-last-child(-n+4))')]--><!--[/ELEMENT('.red')]-->
  <tr>
<!--[ELEMENT('table.t1 td, table.t2 td')]--><td><!--[TEXT('table.t1 td, table.t2 td')]-->3.1<!--[/TEXT('table.t1 td, table.t2 td')]--></td><!--[/ELEMENT('table.t1 td, table.t2 td')]-->
<!--[ELEMENT('table.t1 td, table.t2 td')]--><td><!--[TEXT('table.t1 td, table.t2 td')]-->3.2<!--[/TEXT('table.t1 td, table.t2 td')]--></td><!--[/ELEMENT('table.t1 td, table.t2 td')]-->
     <!--[ELEMENT('table.t1 td, table.t2 td')]--><td><!--[TEXT('table.t1 td, table.t2 td')]-->3.3<!--[/TEXT('table.t1 td, table.t2 td')]--></td><!--[/ELEMENT('table.t1 td, table.t2 td')]-->
</tr>
  <tr>
<!--[ELEMENT('table.t1 td, table.t2 td')]--><td><!--[TEXT('table.t1 td, table.t2 td')]-->4.1<!--[/TEXT('table.t1 td, table.t2 td')]--></td><!--[/ELEMENT('table.t1 td, table.t2 td')]-->
<!--[ELEMENT('table.t1 td, table.t2 td')]--><td><!--[TEXT('table.t1 td, table.t2 td')]-->4.2<!--[/TEXT('table.t1 td, table.t2 td')]--></td><!--[/ELEMENT('table.t1 td, table.t2 td')]-->
      <!--[ELEMENT('table.t1 td, table.t2 td')]--><td><!--[TEXT('table.t1 td, table.t2 td')]-->4.3<!--[/TEXT('table.t1 td, table.t2 td')]--></td><!--[/ELEMENT('table.t1 td, table.t2 td')]-->
</tr>
  <tr>
<!--[ELEMENT('table.t1 td, table.t2 td')]--><td><!--[TEXT('table.t1 td, table.t2 td')]-->5.1<!--[/TEXT('table.t1 td, table.t2 td')]--></td><!--[/ELEMENT('table.t1 td, table.t2 td')]-->
<!--[ELEMENT('table.t1 td, table.t2 td')]--><td><!--[TEXT('table.t1 td, table.t2 td')]-->5.2<!--[/TEXT('table.t1 td, table.t2 td')]--></td><!--[/ELEMENT('table.t1 td, table.t2 td')]-->
      <!--[ELEMENT('table.t1 td, table.t2 td')]--><td><!--[TEXT('table.t1 td, table.t2 td')]-->5.3<!--[/TEXT('table.t1 td, table.t2 td')]--></td><!--[/ELEMENT('table.t1 td, table.t2 td')]-->
</tr>
  <tr>
<!--[ELEMENT('table.t1 td, table.t2 td')]--><td><!--[TEXT('table.t1 td, table.t2 td')]-->6.1<!--[/TEXT('table.t1 td, table.t2 td')]--></td><!--[/ELEMENT('table.t1 td, table.t2 td')]-->
<!--[ELEMENT('table.t1 td, table.t2 td')]--><td><!--[TEXT('table.t1 td, table.t2 td')]-->6.2<!--[/TEXT('table.t1 td, table.t2 td')]--></td><!--[/ELEMENT('table.t1 td, table.t2 td')]-->
      <!--[ELEMENT('table.t1 td, table.t2 td')]--><td><!--[TEXT('table.t1 td, table.t2 td')]-->6.3<!--[/TEXT('table.t1 td, table.t2 td')]--></td><!--[/ELEMENT('table.t1 td, table.t2 td')]-->
</tr>
</tbody></table>
<p></p>
<table class="t2" border="1">
  <tbody><tr>
<!--[ELEMENT('.red')]--><!--[ELEMENT('table.t2 td:not(:nth-last-child(3n+1))')]--><!--[ELEMENT('table.t1 td, table.t2 td')]--><td class="red"><!--[TEXT('.red')]--><!--[TEXT('table.t2 td:not(:nth-last-child(3n+1))')]--><!--[TEXT('table.t1 td, table.t2 td')]-->green cell<!--[/TEXT('table.t1 td, table.t2 td')]--><!--[/TEXT('table.t2 td:not(:nth-last-child(3n+1))')]--><!--[/TEXT('.red')]--></td><!--[/ELEMENT('table.t1 td, table.t2 td')]--><!--[/ELEMENT('table.t2 td:not(:nth-last-child(3n+1))')]--><!--[/ELEMENT('.red')]-->
<!--[ELEMENT('table.t1 td, table.t2 td')]--><td><!--[TEXT('table.t1 td, table.t2 td')]-->1.2<!--[/TEXT('table.t1 td, table.t2 td')]--></td><!--[/ELEMENT('table.t1 td, table.t2 td')]-->
<!--[ELEMENT('.red')]--><!--[ELEMENT('table.t2 td:not(:nth-last-child(3n+1))')]--><!--[ELEMENT('table.t1 td, table.t2 td')]--><td class="red"><!--[TEXT('.red')]--><!--[TEXT('table.t2 td:not(:nth-last-child(3n+1))')]--><!--[TEXT('table.t1 td, table.t2 td')]-->green cell<!--[/TEXT('table.t1 td, table.t2 td')]--><!--[/TEXT('table.t2 td:not(:nth-last-child(3n+1))')]--><!--[/TEXT('.red')]--></td><!--[/ELEMENT('table.t1 td, table.t2 td')]--><!--[/ELEMENT('table.t2 td:not(:nth-last-child(3n+1))')]--><!--[/ELEMENT('.red')]-->
      <!--[ELEMENT('.red')]--><!--[ELEMENT('table.t2 td:not(:nth-last-child(3n+1))')]--><!--[ELEMENT('table.t1 td, table.t2 td')]--><td class="red"><!--[TEXT('.red')]--><!--[TEXT('table.t2 td:not(:nth-last-child(3n+1))')]--><!--[TEXT('table.t1 td, table.t2 td')]-->green cell<!--[/TEXT('table.t1 td, table.t2 td')]--><!--[/TEXT('table.t2 td:not(:nth-last-child(3n+1))')]--><!--[/TEXT('.red')]--></td><!--[/ELEMENT('table.t1 td, table.t2 td')]--><!--[/ELEMENT('table.t2 td:not(:nth-last-child(3n+1))')]--><!--[/ELEMENT('.red')]-->
<!--[ELEMENT('table.t1 td, table.t2 td')]--><td><!--[TEXT('table.t1 td, table.t2 td')]-->1.5<!--[/TEXT('table.t1 td, table.t2 td')]--></td><!--[/ELEMENT('table.t1 td, table.t2 td')]-->
<!--[ELEMENT('.red')]--><!--[ELEMENT('table.t2 td:not(:nth-last-child(3n+1))')]--><!--[ELEMENT('table.t1 td, table.t2 td')]--><td class="red"><!--[TEXT('.red')]--><!--[TEXT('table.t2 td:not(:nth-last-child(3n+1))')]--><!--[TEXT('table.t1 td, table.t2 td')]-->green cell<!--[/TEXT('table.t1 td, table.t2 td')]--><!--[/TEXT('table.t2 td:not(:nth-last-child(3n+1))')]--><!--[/TEXT('.red')]--></td><!--[/ELEMENT('table.t1 td, table.t2 td')]--><!--[/ELEMENT('table.t2 td:not(:nth-last-child(3n+1))')]--><!--[/ELEMENT('.red')]-->
      <!--[ELEMENT('.red')]--><!--[ELEMENT('table.t2 td:not(:nth-last-child(3n+1))')]--><!--[ELEMENT('table.t1 td, table.t2 td')]--><td class="red"><!--[TEXT('.red')]--><!--[TEXT('table.t2 td:not(:nth-last-child(3n+1))')]--><!--[TEXT('table.t1 td, table.t2 td')]-->green cell<!--[/TEXT('table.t1 td, table.t2 td')]--><!--[/TEXT('table.t2 td:not(:nth-last-child(3n+1))')]--><!--[/TEXT('.red')]--></td><!--[/ELEMENT('table.t1 td, table.t2 td')]--><!--[/ELEMENT('table.t2 td:not(:nth-last-child(3n+1))')]--><!--[/ELEMENT('.red')]-->
<!--[ELEMENT('table.t1 td, table.t2 td')]--><td><!--[TEXT('table.t1 td, table.t2 td')]-->1.8<!--[/TEXT('table.t1 td, table.t2 td')]--></td><!--[/ELEMENT('table.t1 td, table.t2 td')]-->
</tr>
  <tr>
<!--[ELEMENT('.red')]--><!--[ELEMENT('table.t2 td:not(:nth-last-child(3n+1))')]--><!--[ELEMENT('table.t1 td, table.t2 td')]--><td class="red"><!--[TEXT('.red')]--><!--[TEXT('table.t2 td:not(:nth-last-child(3n+1))')]--><!--[TEXT('table.t1 td, table.t2 td')]-->green cell<!--[/TEXT('table.t1 td, table.t2 td')]--><!--[/TEXT('table.t2 td:not(:nth-last-child(3n+1))')]--><!--[/TEXT('.red')]--></td><!--[/ELEMENT('table.t1 td, table.t2 td')]--><!--[/ELEMENT('table.t2 td:not(:nth-last-child(3n+1))')]--><!--[/ELEMENT('.red')]-->
<!--[ELEMENT('table.t1 td, table.t2 td')]--><td><!--[TEXT('table.t1 td, table.t2 td')]-->2.2<!--[/TEXT('table.t1 td, table.t2 td')]--></td><!--[/ELEMENT('table.t1 td, table.t2 td')]-->
<!--[ELEMENT('.red')]--><!--[ELEMENT('table.t2 td:not(:nth-last-child(3n+1))')]--><!--[ELEMENT('table.t1 td, table.t2 td')]--><td class="red"><!--[TEXT('.red')]--><!--[TEXT('table.t2 td:not(:nth-last-child(3n+1))')]--><!--[TEXT('table.t1 td, table.t2 td')]-->green cell<!--[/TEXT('table.t1 td, table.t2 td')]--><!--[/TEXT('table.t2 td:not(:nth-last-child(3n+1))')]--><!--[/TEXT('.red')]--></td><!--[/ELEMENT('table.t1 td, table.t2 td')]--><!--[/ELEMENT('table.t2 td:not(:nth-last-child(3n+1))')]--><!--[/ELEMENT('.red')]-->
      <!--[ELEMENT('.red')]--><!--[ELEMENT('table.t2 td:not(:nth-last-child(3n+1))')]--><!--[ELEMENT('table.t1 td, table.t2 td')]--><td class="red"><!--[TEXT('.red')]--><!--[TEXT('table.t2 td:not(:nth-last-child(3n+1))')]--><!--[TEXT('table.t1 td, table.t2 td')]-->green cell<!--[/TEXT('table.t1 td, table.t2 td')]--><!--[/TEXT('table.t2 td:not(:nth-last-child(3n+1))')]--><!--[/TEXT('.red')]--></td><!--[/ELEMENT('table.t1 td, table.t2 td')]--><!--[/ELEMENT('table.t2 td:not(:nth-last-child(3n+1))')]--><!--[/ELEMENT('.red')]-->
<!--[ELEMENT('table.t1 td, table.t2 td')]--><td><!--[TEXT('table.t1 td, table.t2 td')]-->2.5<!--[/TEXT('table.t1 td, table.t2 td')]--></td><!--[/ELEMENT('table.t1 td, table.t2 td')]-->
<!--[ELEMENT('.red')]--><!--[ELEMENT('table.t2 td:not(:nth-last-child(3n+1))')]--><!--[ELEMENT('table.t1 td, table.t2 td')]--><td class="red"><!--[TEXT('.red')]--><!--[TEXT('table.t2 td:not(:nth-last-child(3n+1))')]--><!--[TEXT('table.t1 td, table.t2 td')]-->green cell<!--[/TEXT('table.t1 td, table.t2 td')]--><!--[/TEXT('table.t2 td:not(:nth-last-child(3n+1))')]--><!--[/TEXT('.red')]--></td><!--[/ELEMENT('table.t1 td, table.t2 td')]--><!--[/ELEMENT('table.t2 td:not(:nth-last-child(3n+1))')]--><!--[/ELEMENT('.red')]-->
      <!--[ELEMENT('.red')]--><!--[ELEMENT('table.t2 td:not(:nth-last-child(3n+1))')]--><!--[ELEMENT('table.t1 td, table.t2 td')]--><td class="red"><!--[TEXT('.red')]--><!--[TEXT('table.t2 td:not(:nth-last-child(3n+1))')]--><!--[TEXT('table.t1 td, table.t2 td')]-->green cell<!--[/TEXT('table.t1 td, table.t2 td')]--><!--[/TEXT('table.t2 td:not(:nth-last-child(3n+1))')]--><!--[/TEXT('.red')]--></td><!--[/ELEMENT('table.t1 td, table.t2 td')]--><!--[/ELEMENT('table.t2 td:not(:nth-last-child(3n+1))')]--><!--[/ELEMENT('.red')]-->
<!--[ELEMENT('table.t1 td, table.t2 td')]--><td><!--[TEXT('table.t1 td, table.t2 td')]-->2.8<!--[/TEXT('table.t1 td, table.t2 td')]--></td><!--[/ELEMENT('table.t1 td, table.t2 td')]-->
</tr>
  <tr>
<!--[ELEMENT('.red')]--><!--[ELEMENT('table.t2 td:not(:nth-last-child(3n+1))')]--><!--[ELEMENT('table.t1 td, table.t2 td')]--><td class="red"><!--[TEXT('.red')]--><!--[TEXT('table.t2 td:not(:nth-last-child(3n+1))')]--><!--[TEXT('table.t1 td, table.t2 td')]-->green cell<!--[/TEXT('table.t1 td, table.t2 td')]--><!--[/TEXT('table.t2 td:not(:nth-last-child(3n+1))')]--><!--[/TEXT('.red')]--></td><!--[/ELEMENT('table.t1 td, table.t2 td')]--><!--[/ELEMENT('table.t2 td:not(:nth-last-child(3n+1))')]--><!--[/ELEMENT('.red')]-->
<!--[ELEMENT('table.t1 td, table.t2 td')]--><td><!--[TEXT('table.t1 td, table.t2 td')]-->3.2<!--[/TEXT('table.t1 td, table.t2 td')]--></td><!--[/ELEMENT('table.t1 td, table.t2 td')]-->
<!--[ELEMENT('.red')]--><!--[ELEMENT('table.t2 td:not(:nth-last-child(3n+1))')]--><!--[ELEMENT('table.t1 td, table.t2 td')]--><td class="red"><!--[TEXT('.red')]--><!--[TEXT('table.t2 td:not(:nth-last-child(3n+1))')]--><!--[TEXT('table.t1 td, table.t2 td')]-->green cell<!--[/TEXT('table.t1 td, table.t2 td')]--><!--[/TEXT('table.t2 td:not(:nth-last-child(3n+1))')]--><!--[/TEXT('.red')]--></td><!--[/ELEMENT('table.t1 td, table.t2 td')]--><!--[/ELEMENT('table.t2 td:not(:nth-last-child(3n+1))')]--><!--[/ELEMENT('.red')]-->
      <!--[ELEMENT('.red')]--><!--[ELEMENT('table.t2 td:not(:nth-last-child(3n+1))')]--><!--[ELEMENT('table.t1 td, table.t2 td')]--><td class="red"><!--[TEXT('.red')]--><!--[TEXT('table.t2 td:not(:nth-last-child(3n+1))')]--><!--[TEXT('table.t1 td, table.t2 td')]-->green cell<!--[/TEXT('table.t1 td, table.t2 td')]--><!--[/TEXT('table.t2 td:not(:nth-last-child(3n+1))')]--><!--[/TEXT('.red')]--></td><!--[/ELEMENT('table.t1 td, table.t2 td')]--><!--[/ELEMENT('table.t2 td:not(:nth-last-child(3n+1))')]--><!--[/ELEMENT('.red')]-->
<!--[ELEMENT('table.t1 td, table.t2 td')]--><td><!--[TEXT('table.t1 td, table.t2 td')]-->3.5<!--[/TEXT('table.t1 td, table.t2 td')]--></td><!--[/ELEMENT('table.t1 td, table.t2 td')]-->
<!--[ELEMENT('.red')]--><!--[ELEMENT('table.t2 td:not(:nth-last-child(3n+1))')]--><!--[ELEMENT('table.t1 td, table.t2 td')]--><td class="red"><!--[TEXT('.red')]--><!--[TEXT('table.t2 td:not(:nth-last-child(3n+1))')]--><!--[TEXT('table.t1 td, table.t2 td')]-->green cell<!--[/TEXT('table.t1 td, table.t2 td')]--><!--[/TEXT('table.t2 td:not(:nth-last-child(3n+1))')]--><!--[/TEXT('.red')]--></td><!--[/ELEMENT('table.t1 td, table.t2 td')]--><!--[/ELEMENT('table.t2 td:not(:nth-last-child(3n+1))')]--><!--[/ELEMENT('.red')]-->
      <!--[ELEMENT('.red')]--><!--[ELEMENT('table.t2 td:not(:nth-last-child(3n+1))')]--><!--[ELEMENT('table.t1 td, table.t2 td')]--><td class="red"><!--[TEXT('.red')]--><!--[TEXT('table.t2 td:not(:nth-last-child(3n+1))')]--><!--[TEXT('table.t1 td, table.t2 td')]-->green cell<!--[/TEXT('table.t1 td, table.t2 td')]--><!--[/TEXT('table.t2 td:not(:nth-last-child(3n+1))')]--><!--[/TEXT('.red')]--></td><!--[/ELEMENT('table.t1 td, table.t2 td')]--><!--[/ELEMENT('table.t2 td:not(:nth-last-child(3n+1))')]--><!--[/ELEMENT('.red')]-->
<!--[ELEMENT('table.t1 td, table.t2 td')]--><td><!--[TEXT('table.t1 td, table.t2 td')]-->3.8<!--[/TEXT('table.t1 td, table.t2 td')]--></td><!--[/ELEMENT('table.t1 td, table.t2 td')]-->
</tr>
</tbody></table>
</div>

</body></html>