<html><head>
  <title>Case sensitivity</title>
  <style type="text/css">
 .cs { color: green; }
 .cs P { background: red; color: yellow; }
 .cs .a { background: red; color: yellow; }
 .cs .span1 span { background: red; color: yellow; }
 .cs .span2 { color: red; }
 .cs .span2 SPAN { color: green; }
 .cs .span2 span { background: red; color: yellow; }
 .ci { color: red; }
 .ci P { background: green; color: white; }
 .ci .a { background: green; color: white; }
 .ci .span1 span { background: green; color: white; }
 .ci .span2 SPAN { background: green; color: white; }
</style>
  <link rel="author" title="Ian Hickson" href="mailto:ian@hixie.ch">
  <link rel="help" href="https://www.w3.org/TR/css3-selectors/#selectors"> <!-- bogus link to make sure it gets found -->
  <meta name="flags" content="">
 </head>
 <body>
<div>

 <!--[ELEMENT('.cs')]--><div class="cs"><!--[TEXT('.cs')]-->
   <!--[/TEXT('.cs')]--><!--[ELEMENT('.cs P')]--><p><!--[TEXT('.cs')]--><!--[TEXT('.cs P')]-->This line should be green.<!--[/TEXT('.cs P')]--><!--[/TEXT('.cs')]--></p><!--[/ELEMENT('.cs P')]--><!--[TEXT('.cs')]-->
   <!--[/TEXT('.cs')]--><!--[ELEMENT('.cs P')]--><!--[ELEMENT('.cs .a')]--><p class="A"><!--[TEXT('.cs')]--><!--[TEXT('.cs P')]--><!--[TEXT('.cs .a')]-->This line should be green.<!--[/TEXT('.cs .a')]--><!--[/TEXT('.cs P')]--><!--[/TEXT('.cs')]--></p><!--[/ELEMENT('.cs .a')]--><!--[/ELEMENT('.cs P')]--><!--[TEXT('.cs')]-->
   <!--[/TEXT('.cs')]--><!--[ELEMENT('.cs P')]--><p class="span1"><!--[ELEMENT('.cs .span1 span')]--><span><!--[TEXT('.cs')]--><!--[TEXT('.cs P')]--><!--[TEXT('.cs .span1 span')]-->This line should be green.<!--[/TEXT('.cs .span1 span')]--><!--[/TEXT('.cs P')]--><!--[/TEXT('.cs')]--></span><!--[/ELEMENT('.cs .span1 span')]--></p><!--[/ELEMENT('.cs P')]--><!--[TEXT('.cs')]-->
   <!--[/TEXT('.cs')]--><!--[ELEMENT('.cs P')]--><!--[ELEMENT('.cs .span2')]--><p class="span2"><!--[ELEMENT('.cs .span2 SPAN')]--><!--[ELEMENT('.cs .span2 span')]--><span><!--[TEXT('.cs')]--><!--[TEXT('.cs P')]--><!--[TEXT('.cs .span2')]--><!--[TEXT('.cs .span2 SPAN')]--><!--[TEXT('.cs .span2 span')]-->This line should be green.<!--[/TEXT('.cs .span2 span')]--><!--[/TEXT('.cs .span2 SPAN')]--><!--[/TEXT('.cs .span2')]--><!--[/TEXT('.cs P')]--><!--[/TEXT('.cs')]--></span><!--[/ELEMENT('.cs .span2 span')]--><!--[/ELEMENT('.cs .span2 SPAN')]--></p><!--[/ELEMENT('.cs .span2')]--><!--[/ELEMENT('.cs P')]--><!--[TEXT('.cs')]-->
 <!--[/TEXT('.cs')]--></div><!--[/ELEMENT('.cs')]-->


</div>

</body></html>