<html><head>
  <title>:nth-child() pseudo-class with hidden elements</title>
  <style type="text/css">
  line { display: block; }
  [type~=match] { background: lime ! important; }
  line:nth-child(3n-1) { background: red; }
  [hidden] { display: none; }
</style>
  <link rel="author" title="Ian Hickson" href="mailto:ian@hixie.ch">
  <link rel="help" href="https://www.w3.org/TR/css3-selectors/#selectors"> <!-- bogus link to make sure it gets found -->
  <meta name="flags" content=" namespace">
 </head>
 <body>
 <test xmlns="http://www.example.org/">
  <!--[ELEMENT('line')]--><line type=""><!--[TEXT('line')]-->This line should be unstyled.<!--[/TEXT('line')]--></line><!--[/ELEMENT('line')]-->
  <!--[ELEMENT('line')]--><!--[ELEMENT('[type~=match]')]--><!--[ELEMENT('line:nth-child(3n-1)')]--><line type="match"><!--[TEXT('line')]--><!--[TEXT('[type~=match]')]--><!--[TEXT('line:nth-child(3n-1)')]-->This line should be green.<!--[/TEXT('line:nth-child(3n-1)')]--><!--[/TEXT('[type~=match]')]--><!--[/TEXT('line')]--></line><!--[/ELEMENT('line:nth-child(3n-1)')]--><!--[/ELEMENT('[type~=match]')]--><!--[/ELEMENT('line')]-->
  <!--[ELEMENT('line')]--><line type=""><!--[TEXT('line')]-->This line should be unstyled.<!--[/TEXT('line')]--></line><!--[/ELEMENT('line')]-->
  <!--[ELEMENT('line')]--><line type=""><!--[TEXT('line')]-->This line should be unstyled.<!--[/TEXT('line')]--></line><!--[/ELEMENT('line')]-->
  <!--[ELEMENT('line')]--><!--[ELEMENT('[type~=match]')]--><!--[ELEMENT('line:nth-child(3n-1)')]--><line type="match"><!--[TEXT('line')]--><!--[TEXT('[type~=match]')]--><!--[TEXT('line:nth-child(3n-1)')]-->This line should be green.<!--[/TEXT('line:nth-child(3n-1)')]--><!--[/TEXT('[type~=match]')]--><!--[/TEXT('line')]--></line><!--[/ELEMENT('line:nth-child(3n-1)')]--><!--[/ELEMENT('[type~=match]')]--><!--[/ELEMENT('line')]-->
  <!--[ELEMENT('line')]--><line type=""><!--[TEXT('line')]-->This line should be unstyled.<!--[/TEXT('line')]--></line><!--[/ELEMENT('line')]-->
  <!--[ELEMENT('line')]--><!--[ELEMENT('[hidden]')]--><line type="" hidden="hidden"><!--[TEXT('line')]--><!--[TEXT('[hidden]')]-->This line should be unstyled.<!--[/TEXT('[hidden]')]--><!--[/TEXT('line')]--></line><!--[/ELEMENT('[hidden]')]--><!--[/ELEMENT('line')]-->
  <!--[ELEMENT('line')]--><!--[ELEMENT('[type~=match]')]--><!--[ELEMENT('line:nth-child(3n-1)')]--><line type="match"><!--[TEXT('line')]--><!--[TEXT('[type~=match]')]--><!--[TEXT('line:nth-child(3n-1)')]-->This line should be green.<!--[/TEXT('line:nth-child(3n-1)')]--><!--[/TEXT('[type~=match]')]--><!--[/TEXT('line')]--></line><!--[/ELEMENT('line:nth-child(3n-1)')]--><!--[/ELEMENT('[type~=match]')]--><!--[/ELEMENT('line')]-->
  <!--[ELEMENT('line')]--><line type=""><!--[TEXT('line')]-->This line should be unstyled.<!--[/TEXT('line')]--></line><!--[/ELEMENT('line')]-->
  <!--[ELEMENT('line')]--><line type=""><!--[TEXT('line')]-->This line should be unstyled.<!--[/TEXT('line')]--></line><!--[/ELEMENT('line')]-->
  <!--[ELEMENT('line')]--><!--[ELEMENT('[type~=match]')]--><!--[ELEMENT('line:nth-child(3n-1)')]--><line type="match"><!--[TEXT('line')]--><!--[TEXT('[type~=match]')]--><!--[TEXT('line:nth-child(3n-1)')]-->This line should be green.<!--[/TEXT('line:nth-child(3n-1)')]--><!--[/TEXT('[type~=match]')]--><!--[/TEXT('line')]--></line><!--[/ELEMENT('line:nth-child(3n-1)')]--><!--[/ELEMENT('[type~=match]')]--><!--[/ELEMENT('line')]-->
  <!--[ELEMENT('line')]--><line type=""><!--[TEXT('line')]-->This line should be unstyled.<!--[/TEXT('line')]--></line><!--[/ELEMENT('line')]-->
  <!--[ELEMENT('line')]--><!--[ELEMENT('[hidden]')]--><line type="" hidden="hidden"><!--[TEXT('line')]--><!--[TEXT('[hidden]')]-->This line should be unstyled.<!--[/TEXT('[hidden]')]--><!--[/TEXT('line')]--></line><!--[/ELEMENT('[hidden]')]--><!--[/ELEMENT('line')]-->
  <!--[ELEMENT('line')]--><!--[ELEMENT('[type~=match]')]--><!--[ELEMENT('line:nth-child(3n-1)')]--><!--[ELEMENT('[hidden]')]--><line type="match" hidden="hidden"><!--[TEXT('line')]--><!--[TEXT('[type~=match]')]--><!--[TEXT('line:nth-child(3n-1)')]--><!--[TEXT('[hidden]')]-->This line should be green.<!--[/TEXT('[hidden]')]--><!--[/TEXT('line:nth-child(3n-1)')]--><!--[/TEXT('[type~=match]')]--><!--[/TEXT('line')]--></line><!--[/ELEMENT('[hidden]')]--><!--[/ELEMENT('line:nth-child(3n-1)')]--><!--[/ELEMENT('[type~=match]')]--><!--[/ELEMENT('line')]-->
  <!--[ELEMENT('line')]--><line type=""><!--[TEXT('line')]-->This line should be unstyled.<!--[/TEXT('line')]--></line><!--[/ELEMENT('line')]-->
  <!--[ELEMENT('line')]--><line type=""><!--[TEXT('line')]-->This line should be unstyled.<!--[/TEXT('line')]--></line><!--[/ELEMENT('line')]-->
  <!--[ELEMENT('line')]--><!--[ELEMENT('[type~=match]')]--><!--[ELEMENT('line:nth-child(3n-1)')]--><line type="match"><!--[TEXT('line')]--><!--[TEXT('[type~=match]')]--><!--[TEXT('line:nth-child(3n-1)')]-->This line should be green.<!--[/TEXT('line:nth-child(3n-1)')]--><!--[/TEXT('[type~=match]')]--><!--[/TEXT('line')]--></line><!--[/ELEMENT('line:nth-child(3n-1)')]--><!--[/ELEMENT('[type~=match]')]--><!--[/ELEMENT('line')]-->
  <!--[ELEMENT('line')]--><line type=""><!--[TEXT('line')]-->This line should be unstyled.<!--[/TEXT('line')]--></line><!--[/ELEMENT('line')]-->
  <!--[ELEMENT('line')]--><line type=""><!--[TEXT('line')]-->This line should be unstyled.<!--[/TEXT('line')]--></line><!--[/ELEMENT('line')]-->
  <!--[ELEMENT('line')]--><!--[ELEMENT('[type~=match]')]--><!--[ELEMENT('line:nth-child(3n-1)')]--><line type="match"><!--[TEXT('line')]--><!--[TEXT('[type~=match]')]--><!--[TEXT('line:nth-child(3n-1)')]-->This line should be green.<!--[/TEXT('line:nth-child(3n-1)')]--><!--[/TEXT('[type~=match]')]--><!--[/TEXT('line')]--></line><!--[/ELEMENT('line:nth-child(3n-1)')]--><!--[/ELEMENT('[type~=match]')]--><!--[/ELEMENT('line')]-->
  <!--[ELEMENT('line')]--><line type=""><!--[TEXT('line')]-->This line should be unstyled.<!--[/TEXT('line')]--></line><!--[/ELEMENT('line')]-->
 </test>

</body></html>