<html><head>
  <title>:disabled pseudo-class</title>
  <style type="text/css">button { background-color : red }
input { background-color : red }
button:disabled { background-color : lime }
input:disabled { background-color : lime }</style>
  <link rel="author" title="Daniel Glazman" href="http://glazman.org/">
  <link rel="author" title="Ian Hickson" href="mailto:ian@hixie.ch">
  <link rel="help" href="https://www.w3.org/TR/css3-selectors/#selectors"> <!-- bogus link to make sure it gets found -->
  <meta name="flags" content="">
 </head>
 <body>
<p>
 <!--[ELEMENT('button')]--><!--[ELEMENT('button:disabled')]--><button disabled="disabled"><!--[TEXT('button')]--><!--[TEXT('button:disabled')]-->A button (disabled) with green background<!--[/TEXT('button:disabled')]--><!--[/TEXT('button')]--></button><!--[/ELEMENT('button:disabled')]--><!--[/ELEMENT('button')]-->
 <br><br>
 <!--[ELEMENT('input')]--><!--[ELEMENT('input:disabled')]--><input disabled="disabled" type="text" size="36" value="a text area (disabled) with green background"><!--[/ELEMENT('input:disabled')]--><!--[/ELEMENT('input')]-->
</p>

</body></html>