<html><head>
  <title>NEGATED ID selector</title>
  <style type="text/css">div.stub > * { color : red }
div.stub *:not(#foo) { color : lime }
</style>
  <link rel="author" title="Daniel Glazman" href="http://glazman.org/">
  <link rel="help" href="https://www.w3.org/TR/css3-selectors/#selectors"> <!-- bogus link to make sure it gets found -->
  <link rel="match" href="reference/three-paragraph-lime-characters.xht">
  <meta name="flags" content="">
 </head>
 <body>
<div class="stub">
<!--[ELEMENT('div.stub > *')]--><!--[ELEMENT('div.stub *:not(#foo)')]--><p><!--[TEXT('div.stub > *')]--><!--[TEXT('div.stub *:not(#foo)')]-->This paragraph should be in green characters.<!--[/TEXT('div.stub *:not(#foo)')]--><!--[/TEXT('div.stub > *')]--></p><!--[/ELEMENT('div.stub *:not(#foo)')]--><!--[/ELEMENT('div.stub > *')]-->
<!--[ELEMENT('div.stub > *')]--><!--[ELEMENT('div.stub *:not(#foo)')]--><p id="foo2"><!--[TEXT('div.stub > *')]--><!--[TEXT('div.stub *:not(#foo)')]-->This paragraph should be in green characters.<!--[/TEXT('div.stub *:not(#foo)')]--><!--[/TEXT('div.stub > *')]--></p><!--[/ELEMENT('div.stub *:not(#foo)')]--><!--[/ELEMENT('div.stub > *')]-->
<!--[ELEMENT('div.stub > *')]--><p id="foo"><!--[TEXT('div.stub > *')]-->
     <!--[/TEXT('div.stub > *')]--><!--[ELEMENT('div.stub *:not(#foo)')]--><span><!--[TEXT('div.stub > *')]--><!--[TEXT('div.stub *:not(#foo)')]-->This paragraph should be in green characters.<!--[/TEXT('div.stub *:not(#foo)')]--><!--[/TEXT('div.stub > *')]--></span><!--[/ELEMENT('div.stub *:not(#foo)')]--><!--[TEXT('div.stub > *')]-->
<!--[/TEXT('div.stub > *')]--></p><!--[/ELEMENT('div.stub > *')]-->
</div>

</body></html>