<html><head><!--[TEXT(':root:first-child')]--><!--[TEXT(':root:last-child')]--><!--[TEXT(':root:only-child')]--><!--[TEXT(':root:nth-child(1)')]--><!--[TEXT(':root:nth-child(n)')]--><!--[TEXT(':root:nth-last-child(1)')]--><!--[TEXT(':root:nth-last-child(n)')]--><!--[TEXT(':root:first-of-type')]--><!--[TEXT(':root:last-of-type')]--><!--[TEXT(':root:only-of-type')]--><!--[TEXT(':root:nth-of-type(1)')]--><!--[TEXT(':root:nth-of-type(n)')]--><!--[TEXT(':root:nth-last-of-type(1)')]--><!--[TEXT(':root:nth-last-of-type(n)')]-->
  <!--[/TEXT(':root:nth-last-of-type(n)')]--><!--[/TEXT(':root:nth-last-of-type(1)')]--><!--[/TEXT(':root:nth-of-type(n)')]--><!--[/TEXT(':root:nth-of-type(1)')]--><!--[/TEXT(':root:only-of-type')]--><!--[/TEXT(':root:last-of-type')]--><!--[/TEXT(':root:first-of-type')]--><!--[/TEXT(':root:nth-last-child(n)')]--><!--[/TEXT(':root:nth-last-child(1)')]--><!--[/TEXT(':root:nth-child(n)')]--><!--[/TEXT(':root:nth-child(1)')]--><!--[/TEXT(':root:only-child')]--><!--[/TEXT(':root:last-child')]--><!--[/TEXT(':root:first-child')]--><title><!--[TEXT(':root:first-child')]--><!--[TEXT(':root:last-child')]--><!--[TEXT(':root:only-child')]--><!--[TEXT(':root:nth-child(1)')]--><!--[TEXT(':root:nth-child(n)')]--><!--[TEXT(':root:nth-last-child(1)')]--><!--[TEXT(':root:nth-last-child(n)')]--><!--[TEXT(':root:first-of-type')]--><!--[TEXT(':root:last-of-type')]--><!--[TEXT(':root:only-of-type')]--><!--[TEXT(':root:nth-of-type(1)')]--><!--[TEXT(':root:nth-of-type(n)')]--><!--[TEXT(':root:nth-last-of-type(1)')]--><!--[TEXT(':root:nth-last-of-type(n)')]-->Impossible rules (:root:first-child, etc)<!--[/TEXT(':root:nth-last-of-type(n)')]--><!--[/TEXT(':root:nth-last-of-type(1)')]--><!--[/TEXT(':root:nth-of-type(n)')]--><!--[/TEXT(':root:nth-of-type(1)')]--><!--[/TEXT(':root:only-of-type')]--><!--[/TEXT(':root:last-of-type')]--><!--[/TEXT(':root:first-of-type')]--><!--[/TEXT(':root:nth-last-child(n)')]--><!--[/TEXT(':root:nth-last-child(1)')]--><!--[/TEXT(':root:nth-child(n)')]--><!--[/TEXT(':root:nth-child(1)')]--><!--[/TEXT(':root:only-child')]--><!--[/TEXT(':root:last-child')]--><!--[/TEXT(':root:first-child')]--></title><!--[TEXT(':root:first-child')]--><!--[TEXT(':root:last-child')]--><!--[TEXT(':root:only-child')]--><!--[TEXT(':root:nth-child(1)')]--><!--[TEXT(':root:nth-child(n)')]--><!--[TEXT(':root:nth-last-child(1)')]--><!--[TEXT(':root:nth-last-child(n)')]--><!--[TEXT(':root:first-of-type')]--><!--[TEXT(':root:last-of-type')]--><!--[TEXT(':root:only-of-type')]--><!--[TEXT(':root:nth-of-type(1)')]--><!--[TEXT(':root:nth-of-type(n)')]--><!--[TEXT(':root:nth-last-of-type(1)')]--><!--[TEXT(':root:nth-last-of-type(n)')]-->
  <!--[/TEXT(':root:nth-last-of-type(n)')]--><!--[/TEXT(':root:nth-last-of-type(1)')]--><!--[/TEXT(':root:nth-of-type(n)')]--><!--[/TEXT(':root:nth-of-type(1)')]--><!--[/TEXT(':root:only-of-type')]--><!--[/TEXT(':root:last-of-type')]--><!--[/TEXT(':root:first-of-type')]--><!--[/TEXT(':root:nth-last-child(n)')]--><!--[/TEXT(':root:nth-last-child(1)')]--><!--[/TEXT(':root:nth-child(n)')]--><!--[/TEXT(':root:nth-child(1)')]--><!--[/TEXT(':root:only-child')]--><!--[/TEXT(':root:last-child')]--><!--[/TEXT(':root:first-child')]--><style type="text/css"><!--[TEXT(':root:first-child')]--><!--[TEXT(':root:last-child')]--><!--[TEXT(':root:only-child')]--><!--[TEXT(':root:nth-child(1)')]--><!--[TEXT(':root:nth-child(n)')]--><!--[TEXT(':root:nth-last-child(1)')]--><!--[TEXT(':root:nth-last-child(n)')]--><!--[TEXT(':root:first-of-type')]--><!--[TEXT(':root:last-of-type')]--><!--[TEXT(':root:only-of-type')]--><!--[TEXT(':root:nth-of-type(1)')]--><!--[TEXT(':root:nth-of-type(n)')]--><!--[TEXT(':root:nth-last-of-type(1)')]--><!--[TEXT(':root:nth-last-of-type(n)')]-->
:root:first-child { background-color: red; }
:root:last-child { background-color: red; }
:root:only-child { background-color: red; }
:root:nth-child(1) { background-color: red; }
:root:nth-child(n) { background-color: red; }
:root:nth-last-child(1) { background-color: red; }
:root:nth-last-child(n) { background-color: red; }
:root:first-of-type { background-color: red; }
:root:last-of-type { background-color: red; }
:root:only-of-type { background-color: red; }
:root:nth-of-type(1) { background-color: red; }
:root:nth-of-type(n) { background-color: red; }
:root:nth-last-of-type(1) { background-color: red; }
:root:nth-last-of-type(n) { background-color: red; }
p { color: green; }<!--[/TEXT(':root:nth-last-of-type(n)')]--><!--[/TEXT(':root:nth-last-of-type(1)')]--><!--[/TEXT(':root:nth-of-type(n)')]--><!--[/TEXT(':root:nth-of-type(1)')]--><!--[/TEXT(':root:only-of-type')]--><!--[/TEXT(':root:last-of-type')]--><!--[/TEXT(':root:first-of-type')]--><!--[/TEXT(':root:nth-last-child(n)')]--><!--[/TEXT(':root:nth-last-child(1)')]--><!--[/TEXT(':root:nth-child(n)')]--><!--[/TEXT(':root:nth-child(1)')]--><!--[/TEXT(':root:only-child')]--><!--[/TEXT(':root:last-child')]--><!--[/TEXT(':root:first-child')]--></style><!--[TEXT(':root:first-child')]--><!--[TEXT(':root:last-child')]--><!--[TEXT(':root:only-child')]--><!--[TEXT(':root:nth-child(1)')]--><!--[TEXT(':root:nth-child(n)')]--><!--[TEXT(':root:nth-last-child(1)')]--><!--[TEXT(':root:nth-last-child(n)')]--><!--[TEXT(':root:first-of-type')]--><!--[TEXT(':root:last-of-type')]--><!--[TEXT(':root:only-of-type')]--><!--[TEXT(':root:nth-of-type(1)')]--><!--[TEXT(':root:nth-of-type(n)')]--><!--[TEXT(':root:nth-last-of-type(1)')]--><!--[TEXT(':root:nth-last-of-type(n)')]-->
  <!--[/TEXT(':root:nth-last-of-type(n)')]--><!--[/TEXT(':root:nth-last-of-type(1)')]--><!--[/TEXT(':root:nth-of-type(n)')]--><!--[/TEXT(':root:nth-of-type(1)')]--><!--[/TEXT(':root:only-of-type')]--><!--[/TEXT(':root:last-of-type')]--><!--[/TEXT(':root:first-of-type')]--><!--[/TEXT(':root:nth-last-child(n)')]--><!--[/TEXT(':root:nth-last-child(1)')]--><!--[/TEXT(':root:nth-child(n)')]--><!--[/TEXT(':root:nth-child(1)')]--><!--[/TEXT(':root:only-child')]--><!--[/TEXT(':root:last-child')]--><!--[/TEXT(':root:first-child')]--><link rel="author" title="Ian Hickson" href="mailto:ian@hixie.ch"><!--[TEXT(':root:first-child')]--><!--[TEXT(':root:last-child')]--><!--[TEXT(':root:only-child')]--><!--[TEXT(':root:nth-child(1)')]--><!--[TEXT(':root:nth-child(n)')]--><!--[TEXT(':root:nth-last-child(1)')]--><!--[TEXT(':root:nth-last-child(n)')]--><!--[TEXT(':root:first-of-type')]--><!--[TEXT(':root:last-of-type')]--><!--[TEXT(':root:only-of-type')]--><!--[TEXT(':root:nth-of-type(1)')]--><!--[TEXT(':root:nth-of-type(n)')]--><!--[TEXT(':root:nth-last-of-type(1)')]--><!--[TEXT(':root:nth-last-of-type(n)')]-->
  <!--[/TEXT(':root:nth-last-of-type(n)')]--><!--[/TEXT(':root:nth-last-of-type(1)')]--><!--[/TEXT(':root:nth-of-type(n)')]--><!--[/TEXT(':root:nth-of-type(1)')]--><!--[/TEXT(':root:only-of-type')]--><!--[/TEXT(':root:last-of-type')]--><!--[/TEXT(':root:first-of-type')]--><!--[/TEXT(':root:nth-last-child(n)')]--><!--[/TEXT(':root:nth-last-child(1)')]--><!--[/TEXT(':root:nth-child(n)')]--><!--[/TEXT(':root:nth-child(1)')]--><!--[/TEXT(':root:only-child')]--><!--[/TEXT(':root:last-child')]--><!--[/TEXT(':root:first-child')]--><link rel="help" href="https://www.w3.org/TR/css3-selectors/#selectors"><!--[TEXT(':root:first-child')]--><!--[TEXT(':root:last-child')]--><!--[TEXT(':root:only-child')]--><!--[TEXT(':root:nth-child(1)')]--><!--[TEXT(':root:nth-child(n)')]--><!--[TEXT(':root:nth-last-child(1)')]--><!--[TEXT(':root:nth-last-child(n)')]--><!--[TEXT(':root:first-of-type')]--><!--[TEXT(':root:last-of-type')]--><!--[TEXT(':root:only-of-type')]--><!--[TEXT(':root:nth-of-type(1)')]--><!--[TEXT(':root:nth-of-type(n)')]--><!--[TEXT(':root:nth-last-of-type(1)')]--><!--[TEXT(':root:nth-last-of-type(n)')]--> <!--[/TEXT(':root:nth-last-of-type(n)')]--><!--[/TEXT(':root:nth-last-of-type(1)')]--><!--[/TEXT(':root:nth-of-type(n)')]--><!--[/TEXT(':root:nth-of-type(1)')]--><!--[/TEXT(':root:only-of-type')]--><!--[/TEXT(':root:last-of-type')]--><!--[/TEXT(':root:first-of-type')]--><!--[/TEXT(':root:nth-last-child(n)')]--><!--[/TEXT(':root:nth-last-child(1)')]--><!--[/TEXT(':root:nth-child(n)')]--><!--[/TEXT(':root:nth-child(1)')]--><!--[/TEXT(':root:only-child')]--><!--[/TEXT(':root:last-child')]--><!--[/TEXT(':root:first-child')]--><!--[COMMENT(':root:first-child')]--><!--[COMMENT(':root:last-child')]--><!--[COMMENT(':root:only-child')]--><!--[COMMENT(':root:nth-child(1)')]--><!--[COMMENT(':root:nth-child(n)')]--><!--[COMMENT(':root:nth-last-child(1)')]--><!--[COMMENT(':root:nth-last-child(n)')]--><!--[COMMENT(':root:first-of-type')]--><!--[COMMENT(':root:last-of-type')]--><!--[COMMENT(':root:only-of-type')]--><!--[COMMENT(':root:nth-of-type(1)')]--><!--[COMMENT(':root:nth-of-type(n)')]--><!--[COMMENT(':root:nth-last-of-type(1)')]--><!--[COMMENT(':root:nth-last-of-type(n)')]--><!-- bogus link to make sure it gets found --><!--[/COMMENT(':root:nth-last-of-type(n)')]--><!--[/COMMENT(':root:nth-last-of-type(1)')]--><!--[/COMMENT(':root:nth-of-type(n)')]--><!--[/COMMENT(':root:nth-of-type(1)')]--><!--[/COMMENT(':root:only-of-type')]--><!--[/COMMENT(':root:last-of-type')]--><!--[/COMMENT(':root:first-of-type')]--><!--[/COMMENT(':root:nth-last-child(n)')]--><!--[/COMMENT(':root:nth-last-child(1)')]--><!--[/COMMENT(':root:nth-child(n)')]--><!--[/COMMENT(':root:nth-child(1)')]--><!--[/COMMENT(':root:only-child')]--><!--[/COMMENT(':root:last-child')]--><!--[/COMMENT(':root:first-child')]--><!--[TEXT(':root:first-child')]--><!--[TEXT(':root:last-child')]--><!--[TEXT(':root:only-child')]--><!--[TEXT(':root:nth-child(1)')]--><!--[TEXT(':root:nth-child(n)')]--><!--[TEXT(':root:nth-last-child(1)')]--><!--[TEXT(':root:nth-last-child(n)')]--><!--[TEXT(':root:first-of-type')]--><!--[TEXT(':root:last-of-type')]--><!--[TEXT(':root:only-of-type')]--><!--[TEXT(':root:nth-of-type(1)')]--><!--[TEXT(':root:nth-of-type(n)')]--><!--[TEXT(':root:nth-last-of-type(1)')]--><!--[TEXT(':root:nth-last-of-type(n)')]-->
  <!--[/TEXT(':root:nth-last-of-type(n)')]--><!--[/TEXT(':root:nth-last-of-type(1)')]--><!--[/TEXT(':root:nth-of-type(n)')]--><!--[/TEXT(':root:nth-of-type(1)')]--><!--[/TEXT(':root:only-of-type')]--><!--[/TEXT(':root:last-of-type')]--><!--[/TEXT(':root:first-of-type')]--><!--[/TEXT(':root:nth-last-child(n)')]--><!--[/TEXT(':root:nth-last-child(1)')]--><!--[/TEXT(':root:nth-child(n)')]--><!--[/TEXT(':root:nth-child(1)')]--><!--[/TEXT(':root:only-child')]--><!--[/TEXT(':root:last-child')]--><!--[/TEXT(':root:first-child')]--><meta name="flags" content=""><!--[TEXT(':root:first-child')]--><!--[TEXT(':root:last-child')]--><!--[TEXT(':root:only-child')]--><!--[TEXT(':root:nth-child(1)')]--><!--[TEXT(':root:nth-child(n)')]--><!--[TEXT(':root:nth-last-child(1)')]--><!--[TEXT(':root:nth-last-child(n)')]--><!--[TEXT(':root:first-of-type')]--><!--[TEXT(':root:last-of-type')]--><!--[TEXT(':root:only-of-type')]--><!--[TEXT(':root:nth-of-type(1)')]--><!--[TEXT(':root:nth-of-type(n)')]--><!--[TEXT(':root:nth-last-of-type(1)')]--><!--[TEXT(':root:nth-last-of-type(n)')]-->
 <!--[/TEXT(':root:nth-last-of-type(n)')]--><!--[/TEXT(':root:nth-last-of-type(1)')]--><!--[/TEXT(':root:nth-of-type(n)')]--><!--[/TEXT(':root:nth-of-type(1)')]--><!--[/TEXT(':root:only-of-type')]--><!--[/TEXT(':root:last-of-type')]--><!--[/TEXT(':root:first-of-type')]--><!--[/TEXT(':root:nth-last-child(n)')]--><!--[/TEXT(':root:nth-last-child(1)')]--><!--[/TEXT(':root:nth-child(n)')]--><!--[/TEXT(':root:nth-child(1)')]--><!--[/TEXT(':root:only-child')]--><!--[/TEXT(':root:last-child')]--><!--[/TEXT(':root:first-child')]--></head><!--[TEXT(':root:first-child')]--><!--[TEXT(':root:last-child')]--><!--[TEXT(':root:only-child')]--><!--[TEXT(':root:nth-child(1)')]--><!--[TEXT(':root:nth-child(n)')]--><!--[TEXT(':root:nth-last-child(1)')]--><!--[TEXT(':root:nth-last-child(n)')]--><!--[TEXT(':root:first-of-type')]--><!--[TEXT(':root:last-of-type')]--><!--[TEXT(':root:only-of-type')]--><!--[TEXT(':root:nth-of-type(1)')]--><!--[TEXT(':root:nth-of-type(n)')]--><!--[TEXT(':root:nth-last-of-type(1)')]--><!--[TEXT(':root:nth-last-of-type(n)')]-->
 <!--[/TEXT(':root:nth-last-of-type(n)')]--><!--[/TEXT(':root:nth-last-of-type(1)')]--><!--[/TEXT(':root:nth-of-type(n)')]--><!--[/TEXT(':root:nth-of-type(1)')]--><!--[/TEXT(':root:only-of-type')]--><!--[/TEXT(':root:last-of-type')]--><!--[/TEXT(':root:first-of-type')]--><!--[/TEXT(':root:nth-last-child(n)')]--><!--[/TEXT(':root:nth-last-child(1)')]--><!--[/TEXT(':root:nth-child(n)')]--><!--[/TEXT(':root:nth-child(1)')]--><!--[/TEXT(':root:only-child')]--><!--[/TEXT(':root:last-child')]--><!--[/TEXT(':root:first-child')]--><body><!--[TEXT(':root:first-child')]--><!--[TEXT(':root:last-child')]--><!--[TEXT(':root:only-child')]--><!--[TEXT(':root:nth-child(1)')]--><!--[TEXT(':root:nth-child(n)')]--><!--[TEXT(':root:nth-last-child(1)')]--><!--[TEXT(':root:nth-last-child(n)')]--><!--[TEXT(':root:first-of-type')]--><!--[TEXT(':root:last-of-type')]--><!--[TEXT(':root:only-of-type')]--><!--[TEXT(':root:nth-of-type(1)')]--><!--[TEXT(':root:nth-of-type(n)')]--><!--[TEXT(':root:nth-last-of-type(1)')]--><!--[TEXT(':root:nth-last-of-type(n)')]-->
<!--[/TEXT(':root:nth-last-of-type(n)')]--><!--[/TEXT(':root:nth-last-of-type(1)')]--><!--[/TEXT(':root:nth-of-type(n)')]--><!--[/TEXT(':root:nth-of-type(1)')]--><!--[/TEXT(':root:only-of-type')]--><!--[/TEXT(':root:last-of-type')]--><!--[/TEXT(':root:first-of-type')]--><!--[/TEXT(':root:nth-last-child(n)')]--><!--[/TEXT(':root:nth-last-child(1)')]--><!--[/TEXT(':root:nth-child(n)')]--><!--[/TEXT(':root:nth-child(1)')]--><!--[/TEXT(':root:only-child')]--><!--[/TEXT(':root:last-child')]--><!--[/TEXT(':root:first-child')]--><!--[ELEMENT('p')]--><p><!--[TEXT(':root:first-child')]--><!--[TEXT(':root:last-child')]--><!--[TEXT(':root:only-child')]--><!--[TEXT(':root:nth-child(1)')]--><!--[TEXT(':root:nth-child(n)')]--><!--[TEXT(':root:nth-last-child(1)')]--><!--[TEXT(':root:nth-last-child(n)')]--><!--[TEXT(':root:first-of-type')]--><!--[TEXT(':root:last-of-type')]--><!--[TEXT(':root:only-of-type')]--><!--[TEXT(':root:nth-of-type(1)')]--><!--[TEXT(':root:nth-of-type(n)')]--><!--[TEXT(':root:nth-last-of-type(1)')]--><!--[TEXT(':root:nth-last-of-type(n)')]--><!--[TEXT('p')]-->This line should be green (there should be no red on this page).<!--[/TEXT('p')]--><!--[/TEXT(':root:nth-last-of-type(n)')]--><!--[/TEXT(':root:nth-last-of-type(1)')]--><!--[/TEXT(':root:nth-of-type(n)')]--><!--[/TEXT(':root:nth-of-type(1)')]--><!--[/TEXT(':root:only-of-type')]--><!--[/TEXT(':root:last-of-type')]--><!--[/TEXT(':root:first-of-type')]--><!--[/TEXT(':root:nth-last-child(n)')]--><!--[/TEXT(':root:nth-last-child(1)')]--><!--[/TEXT(':root:nth-child(n)')]--><!--[/TEXT(':root:nth-child(1)')]--><!--[/TEXT(':root:only-child')]--><!--[/TEXT(':root:last-child')]--><!--[/TEXT(':root:first-child')]--></p><!--[/ELEMENT('p')]--><!--[TEXT(':root:first-child')]--><!--[TEXT(':root:last-child')]--><!--[TEXT(':root:only-child')]--><!--[TEXT(':root:nth-child(1)')]--><!--[TEXT(':root:nth-child(n)')]--><!--[TEXT(':root:nth-last-child(1)')]--><!--[TEXT(':root:nth-last-child(n)')]--><!--[TEXT(':root:first-of-type')]--><!--[TEXT(':root:last-of-type')]--><!--[TEXT(':root:only-of-type')]--><!--[TEXT(':root:nth-of-type(1)')]--><!--[TEXT(':root:nth-of-type(n)')]--><!--[TEXT(':root:nth-last-of-type(1)')]--><!--[TEXT(':root:nth-last-of-type(n)')]-->

<!--[/TEXT(':root:nth-last-of-type(n)')]--><!--[/TEXT(':root:nth-last-of-type(1)')]--><!--[/TEXT(':root:nth-of-type(n)')]--><!--[/TEXT(':root:nth-of-type(1)')]--><!--[/TEXT(':root:only-of-type')]--><!--[/TEXT(':root:last-of-type')]--><!--[/TEXT(':root:first-of-type')]--><!--[/TEXT(':root:nth-last-child(n)')]--><!--[/TEXT(':root:nth-last-child(1)')]--><!--[/TEXT(':root:nth-child(n)')]--><!--[/TEXT(':root:nth-child(1)')]--><!--[/TEXT(':root:only-child')]--><!--[/TEXT(':root:last-child')]--><!--[/TEXT(':root:first-child')]--></body></html>