<html><head>
  <title>:nth-child() pseudo-class</title>
  <style type="text/css">.red { background-color : red }
ul > li:nth-child(odd) { background-color : lime }
ol > li:nth-child(even) { background-color : lime }
table.t1 tr:nth-child(-n+4) { background-color : lime }
table.t2 td:nth-child(3n+1) { background-color : lime }</style>
  <link rel="author" title="Daniel Glazman" href="http://glazman.org/">
  <link rel="help" href="https://www.w3.org/TR/css3-selectors/#selectors"> <!-- bogus link to make sure it gets found -->
  <meta name="flags" content="">
 </head>
 <body>
<ul>
  <!--[ELEMENT('.red')]--><!--[ELEMENT('ul > li:nth-child(odd)')]--><li class="red"><!--[TEXT('.red')]--><!--[TEXT('ul > li:nth-child(odd)')]-->This first list item should have a green background<!--[/TEXT('ul > li:nth-child(odd)')]--><!--[/TEXT('.red')]--></li><!--[/ELEMENT('ul > li:nth-child(odd)')]--><!--[/ELEMENT('.red')]-->
  <li>Second list item</li>
  <!--[ELEMENT('.red')]--><!--[ELEMENT('ul > li:nth-child(odd)')]--><li class="red"><!--[TEXT('.red')]--><!--[TEXT('ul > li:nth-child(odd)')]-->This third list item should have a green background<!--[/TEXT('ul > li:nth-child(odd)')]--><!--[/TEXT('.red')]--></li><!--[/ELEMENT('ul > li:nth-child(odd)')]--><!--[/ELEMENT('.red')]-->
  <li>Fourth list item</li>
  <!--[ELEMENT('.red')]--><!--[ELEMENT('ul > li:nth-child(odd)')]--><li class="red"><!--[TEXT('.red')]--><!--[TEXT('ul > li:nth-child(odd)')]-->This fifth list item should have a green background<!--[/TEXT('ul > li:nth-child(odd)')]--><!--[/TEXT('.red')]--></li><!--[/ELEMENT('ul > li:nth-child(odd)')]--><!--[/ELEMENT('.red')]-->
  <li>Sixth list item</li>
</ul>
<ol>
  <li>First list item</li>
  <!--[ELEMENT('.red')]--><!--[ELEMENT('ol > li:nth-child(even)')]--><li class="red"><!--[TEXT('.red')]--><!--[TEXT('ol > li:nth-child(even)')]-->This second list item should have a green background<!--[/TEXT('ol > li:nth-child(even)')]--><!--[/TEXT('.red')]--></li><!--[/ELEMENT('ol > li:nth-child(even)')]--><!--[/ELEMENT('.red')]-->
  <li>Third list item</li>
  <!--[ELEMENT('.red')]--><!--[ELEMENT('ol > li:nth-child(even)')]--><li class="red"><!--[TEXT('.red')]--><!--[TEXT('ol > li:nth-child(even)')]-->This fourth list item should have a green background<!--[/TEXT('ol > li:nth-child(even)')]--><!--[/TEXT('.red')]--></li><!--[/ELEMENT('ol > li:nth-child(even)')]--><!--[/ELEMENT('.red')]-->
  <li>Fifth list item</li>
  <!--[ELEMENT('.red')]--><!--[ELEMENT('ol > li:nth-child(even)')]--><li class="red"><!--[TEXT('.red')]--><!--[TEXT('ol > li:nth-child(even)')]-->This sixth list item should have a green background<!--[/TEXT('ol > li:nth-child(even)')]--><!--[/TEXT('.red')]--></li><!--[/ELEMENT('ol > li:nth-child(even)')]--><!--[/ELEMENT('.red')]-->
</ol>
<div>
<table border="1" class="t1">
  <tbody><!--[ELEMENT('.red')]--><!--[ELEMENT('table.t1 tr:nth-child(-n+4)')]--><tr class="red"><!--[TEXT('.red')]--><!--[TEXT('table.t1 tr:nth-child(-n+4)')]-->
<!--[/TEXT('table.t1 tr:nth-child(-n+4)')]--><!--[/TEXT('.red')]--><td><!--[TEXT('.red')]--><!--[TEXT('table.t1 tr:nth-child(-n+4)')]-->Green row : 1.1<!--[/TEXT('table.t1 tr:nth-child(-n+4)')]--><!--[/TEXT('.red')]--></td><!--[TEXT('.red')]--><!--[TEXT('table.t1 tr:nth-child(-n+4)')]-->
<!--[/TEXT('table.t1 tr:nth-child(-n+4)')]--><!--[/TEXT('.red')]--><td><!--[TEXT('.red')]--><!--[TEXT('table.t1 tr:nth-child(-n+4)')]-->1.2<!--[/TEXT('table.t1 tr:nth-child(-n+4)')]--><!--[/TEXT('.red')]--></td><!--[TEXT('.red')]--><!--[TEXT('table.t1 tr:nth-child(-n+4)')]-->
     <!--[/TEXT('table.t1 tr:nth-child(-n+4)')]--><!--[/TEXT('.red')]--><td><!--[TEXT('.red')]--><!--[TEXT('table.t1 tr:nth-child(-n+4)')]-->1.3<!--[/TEXT('table.t1 tr:nth-child(-n+4)')]--><!--[/TEXT('.red')]--></td><!--[TEXT('.red')]--><!--[TEXT('table.t1 tr:nth-child(-n+4)')]-->
<!--[/TEXT('table.t1 tr:nth-child(-n+4)')]--><!--[/TEXT('.red')]--></tr><!--[/ELEMENT('table.t1 tr:nth-child(-n+4)')]--><!--[/ELEMENT('.red')]-->
  <!--[ELEMENT('.red')]--><!--[ELEMENT('table.t1 tr:nth-child(-n+4)')]--><tr class="red"><!--[TEXT('.red')]--><!--[TEXT('table.t1 tr:nth-child(-n+4)')]-->
<!--[/TEXT('table.t1 tr:nth-child(-n+4)')]--><!--[/TEXT('.red')]--><td><!--[TEXT('.red')]--><!--[TEXT('table.t1 tr:nth-child(-n+4)')]-->Green row : 2.1<!--[/TEXT('table.t1 tr:nth-child(-n+4)')]--><!--[/TEXT('.red')]--></td><!--[TEXT('.red')]--><!--[TEXT('table.t1 tr:nth-child(-n+4)')]-->
<!--[/TEXT('table.t1 tr:nth-child(-n+4)')]--><!--[/TEXT('.red')]--><td><!--[TEXT('.red')]--><!--[TEXT('table.t1 tr:nth-child(-n+4)')]-->2.2<!--[/TEXT('table.t1 tr:nth-child(-n+4)')]--><!--[/TEXT('.red')]--></td><!--[TEXT('.red')]--><!--[TEXT('table.t1 tr:nth-child(-n+4)')]-->
     <!--[/TEXT('table.t1 tr:nth-child(-n+4)')]--><!--[/TEXT('.red')]--><td><!--[TEXT('.red')]--><!--[TEXT('table.t1 tr:nth-child(-n+4)')]-->2.3<!--[/TEXT('table.t1 tr:nth-child(-n+4)')]--><!--[/TEXT('.red')]--></td><!--[TEXT('.red')]--><!--[TEXT('table.t1 tr:nth-child(-n+4)')]-->
<!--[/TEXT('table.t1 tr:nth-child(-n+4)')]--><!--[/TEXT('.red')]--></tr><!--[/ELEMENT('table.t1 tr:nth-child(-n+4)')]--><!--[/ELEMENT('.red')]-->
  <!--[ELEMENT('.red')]--><!--[ELEMENT('table.t1 tr:nth-child(-n+4)')]--><tr class="red"><!--[TEXT('.red')]--><!--[TEXT('table.t1 tr:nth-child(-n+4)')]-->
<!--[/TEXT('table.t1 tr:nth-child(-n+4)')]--><!--[/TEXT('.red')]--><td><!--[TEXT('.red')]--><!--[TEXT('table.t1 tr:nth-child(-n+4)')]-->Green row : 3.1<!--[/TEXT('table.t1 tr:nth-child(-n+4)')]--><!--[/TEXT('.red')]--></td><!--[TEXT('.red')]--><!--[TEXT('table.t1 tr:nth-child(-n+4)')]-->
<!--[/TEXT('table.t1 tr:nth-child(-n+4)')]--><!--[/TEXT('.red')]--><td><!--[TEXT('.red')]--><!--[TEXT('table.t1 tr:nth-child(-n+4)')]-->3.2<!--[/TEXT('table.t1 tr:nth-child(-n+4)')]--><!--[/TEXT('.red')]--></td><!--[TEXT('.red')]--><!--[TEXT('table.t1 tr:nth-child(-n+4)')]-->
     <!--[/TEXT('table.t1 tr:nth-child(-n+4)')]--><!--[/TEXT('.red')]--><td><!--[TEXT('.red')]--><!--[TEXT('table.t1 tr:nth-child(-n+4)')]-->3.3<!--[/TEXT('table.t1 tr:nth-child(-n+4)')]--><!--[/TEXT('.red')]--></td><!--[TEXT('.red')]--><!--[TEXT('table.t1 tr:nth-child(-n+4)')]-->
<!--[/TEXT('table.t1 tr:nth-child(-n+4)')]--><!--[/TEXT('.red')]--></tr><!--[/ELEMENT('table.t1 tr:nth-child(-n+4)')]--><!--[/ELEMENT('.red')]-->
  <!--[ELEMENT('.red')]--><!--[ELEMENT('table.t1 tr:nth-child(-n+4)')]--><tr class="red"><!--[TEXT('.red')]--><!--[TEXT('table.t1 tr:nth-child(-n+4)')]-->
<!--[/TEXT('table.t1 tr:nth-child(-n+4)')]--><!--[/TEXT('.red')]--><td><!--[TEXT('.red')]--><!--[TEXT('table.t1 tr:nth-child(-n+4)')]-->Green row : 4.1<!--[/TEXT('table.t1 tr:nth-child(-n+4)')]--><!--[/TEXT('.red')]--></td><!--[TEXT('.red')]--><!--[TEXT('table.t1 tr:nth-child(-n+4)')]-->
<!--[/TEXT('table.t1 tr:nth-child(-n+4)')]--><!--[/TEXT('.red')]--><td><!--[TEXT('.red')]--><!--[TEXT('table.t1 tr:nth-child(-n+4)')]-->4.2<!--[/TEXT('table.t1 tr:nth-child(-n+4)')]--><!--[/TEXT('.red')]--></td><!--[TEXT('.red')]--><!--[TEXT('table.t1 tr:nth-child(-n+4)')]-->
      <!--[/TEXT('table.t1 tr:nth-child(-n+4)')]--><!--[/TEXT('.red')]--><td><!--[TEXT('.red')]--><!--[TEXT('table.t1 tr:nth-child(-n+4)')]-->4.3<!--[/TEXT('table.t1 tr:nth-child(-n+4)')]--><!--[/TEXT('.red')]--></td><!--[TEXT('.red')]--><!--[TEXT('table.t1 tr:nth-child(-n+4)')]-->
<!--[/TEXT('table.t1 tr:nth-child(-n+4)')]--><!--[/TEXT('.red')]--></tr><!--[/ELEMENT('table.t1 tr:nth-child(-n+4)')]--><!--[/ELEMENT('.red')]-->
  <tr>
<td>5.1</td>
<td>5.2</td>
<td>5.3</td>
</tr>
  <tr>
<td>6.1</td>
<td>6.2</td>
<td>6.3</td>
</tr>
</tbody></table>

<table class="t2" border="1">
  <tbody><tr>
<!--[ELEMENT('.red')]--><!--[ELEMENT('table.t2 td:nth-child(3n+1)')]--><td class="red"><!--[TEXT('.red')]--><!--[TEXT('table.t2 td:nth-child(3n+1)')]-->green cell<!--[/TEXT('table.t2 td:nth-child(3n+1)')]--><!--[/TEXT('.red')]--></td><!--[/ELEMENT('table.t2 td:nth-child(3n+1)')]--><!--[/ELEMENT('.red')]-->
<td>1.2</td>
<td>1.3</td>
      <!--[ELEMENT('.red')]--><!--[ELEMENT('table.t2 td:nth-child(3n+1)')]--><td class="red"><!--[TEXT('.red')]--><!--[TEXT('table.t2 td:nth-child(3n+1)')]-->green cell<!--[/TEXT('table.t2 td:nth-child(3n+1)')]--><!--[/TEXT('.red')]--></td><!--[/ELEMENT('table.t2 td:nth-child(3n+1)')]--><!--[/ELEMENT('.red')]-->
<td>1.5</td>
<td>1.6</td>
      <!--[ELEMENT('.red')]--><!--[ELEMENT('table.t2 td:nth-child(3n+1)')]--><td class="red"><!--[TEXT('.red')]--><!--[TEXT('table.t2 td:nth-child(3n+1)')]-->green cell<!--[/TEXT('table.t2 td:nth-child(3n+1)')]--><!--[/TEXT('.red')]--></td><!--[/ELEMENT('table.t2 td:nth-child(3n+1)')]--><!--[/ELEMENT('.red')]-->
<td>1.8</td>
</tr>
  <tr>
<!--[ELEMENT('.red')]--><!--[ELEMENT('table.t2 td:nth-child(3n+1)')]--><td class="red"><!--[TEXT('.red')]--><!--[TEXT('table.t2 td:nth-child(3n+1)')]-->green cell<!--[/TEXT('table.t2 td:nth-child(3n+1)')]--><!--[/TEXT('.red')]--></td><!--[/ELEMENT('table.t2 td:nth-child(3n+1)')]--><!--[/ELEMENT('.red')]-->
<td>2.2</td>
<td>2.3</td>
      <!--[ELEMENT('.red')]--><!--[ELEMENT('table.t2 td:nth-child(3n+1)')]--><td class="red"><!--[TEXT('.red')]--><!--[TEXT('table.t2 td:nth-child(3n+1)')]-->green cell<!--[/TEXT('table.t2 td:nth-child(3n+1)')]--><!--[/TEXT('.red')]--></td><!--[/ELEMENT('table.t2 td:nth-child(3n+1)')]--><!--[/ELEMENT('.red')]-->
<td>2.5</td>
<td>2.6</td>
      <!--[ELEMENT('.red')]--><!--[ELEMENT('table.t2 td:nth-child(3n+1)')]--><td class="red"><!--[TEXT('.red')]--><!--[TEXT('table.t2 td:nth-child(3n+1)')]-->green cell<!--[/TEXT('table.t2 td:nth-child(3n+1)')]--><!--[/TEXT('.red')]--></td><!--[/ELEMENT('table.t2 td:nth-child(3n+1)')]--><!--[/ELEMENT('.red')]-->
<td>2.8</td>
</tr>
  <tr>
<!--[ELEMENT('.red')]--><!--[ELEMENT('table.t2 td:nth-child(3n+1)')]--><td class="red"><!--[TEXT('.red')]--><!--[TEXT('table.t2 td:nth-child(3n+1)')]-->green cell<!--[/TEXT('table.t2 td:nth-child(3n+1)')]--><!--[/TEXT('.red')]--></td><!--[/ELEMENT('table.t2 td:nth-child(3n+1)')]--><!--[/ELEMENT('.red')]-->
<td>3.2</td>
<td>3.3</td>
      <!--[ELEMENT('.red')]--><!--[ELEMENT('table.t2 td:nth-child(3n+1)')]--><td class="red"><!--[TEXT('.red')]--><!--[TEXT('table.t2 td:nth-child(3n+1)')]-->green cell<!--[/TEXT('table.t2 td:nth-child(3n+1)')]--><!--[/TEXT('.red')]--></td><!--[/ELEMENT('table.t2 td:nth-child(3n+1)')]--><!--[/ELEMENT('.red')]-->
<td>3.5</td>
<td>3.6</td>
      <!--[ELEMENT('.red')]--><!--[ELEMENT('table.t2 td:nth-child(3n+1)')]--><td class="red"><!--[TEXT('.red')]--><!--[TEXT('table.t2 td:nth-child(3n+1)')]-->green cell<!--[/TEXT('table.t2 td:nth-child(3n+1)')]--><!--[/TEXT('.red')]--></td><!--[/ELEMENT('table.t2 td:nth-child(3n+1)')]--><!--[/ELEMENT('.red')]-->
<td>3.8</td>
</tr>
</tbody></table>
</div>

</body></html>