<html><head>
  <title>Simple combination of descendant and child combinators</title>
  <style type="text/css">p { color: red; }
blockquote div > p { color: green; }</style>
  <link rel="author" title="Daniel Glazman" href="http://glazman.org/">
  <link rel="help" href="https://www.w3.org/TR/css3-selectors/#selectors"> <!-- bogus link to make sure it gets found -->
  <meta name="flags" content="">
 </head>
 <body>
<blockquote>
<div>
<div>
<!--[ELEMENT('p')]--><!--[ELEMENT('blockquote div > p')]--><p><!--[TEXT('p')]--><!--[TEXT('blockquote div > p')]-->This text should be green.<!--[/TEXT('blockquote div > p')]--><!--[/TEXT('p')]--></p><!--[/ELEMENT('blockquote div > p')]--><!--[/ELEMENT('p')]-->
</div>
</div>
</blockquote>

</body></html>