<html><head>
  <title>Parsing: Numbers in classes</title>
  <style type="text/css">
 p { color: red; }
 .\31 \33 { color: green; }
</style>
  <link rel="author" title="Ian Hickson" href="mailto:ian@hixie.ch">
  <link rel="help" href="https://www.w3.org/TR/css3-selectors/#selectors"> <!-- bogus link to make sure it gets found -->
  <link rel="match" href="reference/this-line-green-color.xht">
  <meta name="flags" content="">
 </head>
 <body>
   <!--[ELEMENT('p')]--><!--[ELEMENT('.\31 \33')]--><p class="13"><!--[TEXT('p')]--><!--[TEXT('.\31 \33')]-->This line should be green.<!--[/TEXT('.\31 \33')]--><!--[/TEXT('p')]--></p><!--[/ELEMENT('.\31 \33')]--><!--[/ELEMENT('p')]-->

</body></html>