<html><head>
  <title>Child combinator</title>
  <style type="text/css">.white { background-color: transparent ! important; }
.green { background-color: lime; }
div > p.test { background-color: red; }</style>
  <link rel="author" title="Daniel Glazman" href="http://glazman.org/">
  <link rel="author" title="Ian Hickson" href="mailto:ian@hixie.ch">
  <link rel="help" href="https://www.w3.org/TR/css3-selectors/#selectors"> <!-- bogus link to make sure it gets found -->
  <meta name="flags" content="">
 </head>
 <body>
 <div>
  <!--[ELEMENT('.white')]--><!--[ELEMENT('div > p.test')]--><p class="white test"><!--[TEXT('.white')]--><!--[TEXT('div > p.test')]-->This paragraph should be unstyled.<!--[/TEXT('div > p.test')]--><!--[/TEXT('.white')]--></p><!--[/ELEMENT('div > p.test')]--><!--[/ELEMENT('.white')]-->
  <div>
   <!--[ELEMENT('.white')]--><!--[ELEMENT('div > p.test')]--><p class="white test"><!--[TEXT('.white')]--><!--[TEXT('div > p.test')]-->This paragraph should be unstyled.<!--[/TEXT('div > p.test')]--><!--[/TEXT('.white')]--></p><!--[/ELEMENT('div > p.test')]--><!--[/ELEMENT('.white')]-->
  </div>
 </div>
 <table>
  <tbody>
   <tr>
    <td>
     <!--[ELEMENT('.green')]--><p class="green test"><!--[TEXT('.green')]-->This paragraph should have a green background.<!--[/TEXT('.green')]--></p><!--[/ELEMENT('.green')]-->
    </td>
   </tr>
  </tbody>
 </table>

</body></html>