<html><head>
  <title>:nth-of-type() pseudo-class</title>
  <style type="text/css">.red { background-color : red }
p:nth-of-type(3) { background-color : lime }
dl > :nth-of-type(3n+1) { background-color : lime }
</style>
  <link rel="author" title="Daniel Glazman" href="http://glazman.org/">
  <link rel="help" href="https://www.w3.org/TR/css3-selectors/#selectors"> <!-- bogus link to make sure it gets found -->
  <meta name="flags" content="">
 </head>
 <body>
<p>This paragraph is here only to fill space in the DOM</p>
<address>And this address too..</address>
<p>So does this paragraph !</p>
<!--[ELEMENT('.red')]--><!--[ELEMENT('p:nth-of-type(3)')]--><p class="red"><!--[TEXT('.red')]--><!--[TEXT('p:nth-of-type(3)')]-->But this one should have green background<!--[/TEXT('p:nth-of-type(3)')]--><!--[/TEXT('.red')]--></p><!--[/ELEMENT('p:nth-of-type(3)')]--><!--[/ELEMENT('.red')]-->
<dl>
  <!--[ELEMENT('.red')]--><!--[ELEMENT('dl > :nth-of-type(3n+1)')]--><dt class="red"><!--[TEXT('.red')]--><!--[TEXT('dl > :nth-of-type(3n+1)')]-->First definition term that should have green background<!--[/TEXT('dl > :nth-of-type(3n+1)')]--><!--[/TEXT('.red')]--></dt><!--[/ELEMENT('dl > :nth-of-type(3n+1)')]--><!--[/ELEMENT('.red')]-->
    <!--[ELEMENT('.red')]--><!--[ELEMENT('dl > :nth-of-type(3n+1)')]--><dd class="red"><!--[TEXT('.red')]--><!--[TEXT('dl > :nth-of-type(3n+1)')]-->First definition that should have green background<!--[/TEXT('dl > :nth-of-type(3n+1)')]--><!--[/TEXT('.red')]--></dd><!--[/ELEMENT('dl > :nth-of-type(3n+1)')]--><!--[/ELEMENT('.red')]-->
  <dt>Second definition term</dt>
    <dd>Second definition</dd>
  <dt>Third definition term</dt>
    <dd>Third definition</dd>
  <!--[ELEMENT('.red')]--><!--[ELEMENT('dl > :nth-of-type(3n+1)')]--><dt class="red"><!--[TEXT('.red')]--><!--[TEXT('dl > :nth-of-type(3n+1)')]-->Fourth definition term that should have green background<!--[/TEXT('dl > :nth-of-type(3n+1)')]--><!--[/TEXT('.red')]--></dt><!--[/ELEMENT('dl > :nth-of-type(3n+1)')]--><!--[/ELEMENT('.red')]-->
    <!--[ELEMENT('.red')]--><!--[ELEMENT('dl > :nth-of-type(3n+1)')]--><dd class="red"><!--[TEXT('.red')]--><!--[TEXT('dl > :nth-of-type(3n+1)')]-->Fourth definition that should have green background<!--[/TEXT('dl > :nth-of-type(3n+1)')]--><!--[/TEXT('.red')]--></dd><!--[/ELEMENT('dl > :nth-of-type(3n+1)')]--><!--[/ELEMENT('.red')]-->
  <dt>Fifth definition term</dt>
    <dd>Fifth definition</dd>
  <dt>Sixth definition term</dt>
    <dd>Sixth definition</dd>
</dl>

</body></html>