<html><head>
  <title>NEGATED :only-of-type pseudo-class</title>
  <style type="text/css">.green { background-color : lime ! important }
.t1 *:not(:only-of-type) { background-color : red }
</style>
  <link rel="author" title="Daniel Glazman" href="http://glazman.org/">
  <link rel="author" title="Ian Hickson" href="mailto:ian@hixie.ch">
  <link rel="help" href="https://www.w3.org/TR/css3-selectors/#selectors"> <!-- bogus link to make sure it gets found -->
  <meta name="flags" content="">
 </head>
 <body>
<div class="t1">
<!--[ELEMENT('.green')]--><!--[ELEMENT('.t1 *:not(:only-of-type)')]--><p class="green"><!--[TEXT('.green')]--><!--[TEXT('.t1 *:not(:only-of-type)')]-->This paragraph should have green background.<!--[/TEXT('.t1 *:not(:only-of-type)')]--><!--[/TEXT('.green')]--></p><!--[/ELEMENT('.t1 *:not(:only-of-type)')]--><!--[/ELEMENT('.green')]-->
<address>But this address should be unstyled.</address>
<!--[ELEMENT('.green')]--><!--[ELEMENT('.t1 *:not(:only-of-type)')]--><p class="green"><!--[TEXT('.green')]--><!--[TEXT('.t1 *:not(:only-of-type)')]-->This paragraph should have green background.<!--[/TEXT('.t1 *:not(:only-of-type)')]--><!--[/TEXT('.green')]--></p><!--[/ELEMENT('.t1 *:not(:only-of-type)')]--><!--[/ELEMENT('.green')]-->
</div>

</body></html>