<html><head>
  <title>:nth-last-of-type() pseudo-class</title>
  <style type="text/css">.red { background-color : red }
p:nth-last-of-type(3) { background-color : lime }
dl > :nth-last-of-type(3n+1) { background-color : lime }
</style>
  <link rel="author" title="Daniel Glazman" href="http://glazman.org/">
  <link rel="help" href="https://www.w3.org/TR/css3-selectors/#selectors"> <!-- bogus link to make sure it gets found -->
  <meta name="flags" content="">
 </head>
 <body>
<!--[ELEMENT('.red')]--><!--[ELEMENT('p:nth-last-of-type(3)')]--><p class="red"><!--[TEXT('.red')]--><!--[TEXT('p:nth-last-of-type(3)')]-->This paragraph should have green background<!--[/TEXT('p:nth-last-of-type(3)')]--><!--[/TEXT('.red')]--></p><!--[/ELEMENT('p:nth-last-of-type(3)')]--><!--[/ELEMENT('.red')]-->
<address>But this address is here only to fill space in the dom..</address>
<p>So does this paragraph !</p>
<p>And so does this one too.</p>
<dl>
  <dt>First definition term</dt>
    <dd>First definition</dd>
  <dt>Second definition term</dt>
    <dd>Second definition</dd>
  <!--[ELEMENT('.red')]--><!--[ELEMENT('dl > :nth-last-of-type(3n+1)')]--><dt class="red"><!--[TEXT('.red')]--><!--[TEXT('dl > :nth-last-of-type(3n+1)')]-->Third definition term that should have green background<!--[/TEXT('dl > :nth-last-of-type(3n+1)')]--><!--[/TEXT('.red')]--></dt><!--[/ELEMENT('dl > :nth-last-of-type(3n+1)')]--><!--[/ELEMENT('.red')]-->
    <!--[ELEMENT('.red')]--><!--[ELEMENT('dl > :nth-last-of-type(3n+1)')]--><dd class="red"><!--[TEXT('.red')]--><!--[TEXT('dl > :nth-last-of-type(3n+1)')]-->Third definition that should have green background<!--[/TEXT('dl > :nth-last-of-type(3n+1)')]--><!--[/TEXT('.red')]--></dd><!--[/ELEMENT('dl > :nth-last-of-type(3n+1)')]--><!--[/ELEMENT('.red')]-->
  <dt>Fourth definition term</dt>
    <dd>Fourth definition</dd>
  <dt>Fifth definition term</dt>
    <dd>Fifth definition</dd>
  <!--[ELEMENT('.red')]--><!--[ELEMENT('dl > :nth-last-of-type(3n+1)')]--><dt class="red"><!--[TEXT('.red')]--><!--[TEXT('dl > :nth-last-of-type(3n+1)')]-->Sixth definition term that should have green background<!--[/TEXT('dl > :nth-last-of-type(3n+1)')]--><!--[/TEXT('.red')]--></dt><!--[/ELEMENT('dl > :nth-last-of-type(3n+1)')]--><!--[/ELEMENT('.red')]-->
    <!--[ELEMENT('.red')]--><!--[ELEMENT('dl > :nth-last-of-type(3n+1)')]--><dd class="red"><!--[TEXT('.red')]--><!--[TEXT('dl > :nth-last-of-type(3n+1)')]-->Sixth definition that should have green background<!--[/TEXT('dl > :nth-last-of-type(3n+1)')]--><!--[/TEXT('.red')]--></dd><!--[/ELEMENT('dl > :nth-last-of-type(3n+1)')]--><!--[/ELEMENT('.red')]-->
</dl>

</body></html>