<html><head>
  <title>:link pseudo-class</title>
  <style type="text/css">p.test a { background-color : red }
p.test *:link { background-color : lime }</style>
  <link rel="author" title="Daniel Glazman" href="http://glazman.org/">
  <link rel="author" title="Ian Hickson" href="mailto:ian@hixie.ch">
  <link rel="help" href="https://www.w3.org/TR/css3-selectors/#selectors"> <!-- bogus link to make sure it gets found -->
  <meta name="flags" content=" history">
 </head>
 <body>
<p class="test">
<!--[ELEMENT('p.test a')]--><!--[ELEMENT('p.test *:link')]--><a href="http://unvisited.example.org/css3-modsel-16/"><!--[TEXT('p.test a')]--><!--[TEXT('p.test *:link')]-->This link should have green background.<!--[/TEXT('p.test *:link')]--><!--[/TEXT('p.test a')]--></a><!--[/ELEMENT('p.test *:link')]--><!--[/ELEMENT('p.test a')]-->
(Don't follow this link.)
</p>

</body></html>