<html><head>
  <title>NEGATED Substring matching attribute selector on end with universal namespace</title>
  <style type="text/css">@namespace a url(http://www.example.org/a);
@namespace b url(http://www.example.org/b);
@namespace html url(http://www.w3.org/1999/xhtml);
*|p, *|q, *|r, *|s, *|t{ display : block ; margin-bottom : 1em }
*|p.red, *|q, *|t { background-color : lime ! important }
div.stub *|*:not([*|title$="tait"]) { background-color : red }</style>
  <link rel="author" title="Daniel Glazman" href="http://glazman.org/">
  <link rel="author" title="Ian Hickson" href="mailto:ian@hixie.ch">
  <link rel="help" href="https://www.w3.org/TR/css3-selectors/#selectors"> <!-- bogus link to make sure it gets found -->
  <link rel="match" href="reference/lime-bg-paras-u-g-g-u-u-g.xht">
  <meta name="flags" content=" namespace">
 </head>
 <body xmlns:a="http://www.example.org/a" xmlns:b="http://www.example.org/b">
<div class="stub">
<!--[ELEMENT('*|p, *|q, *|r, *|s, *|t')]--><p title="si on chantait"><!--[TEXT('*|p, *|q, *|r, *|s, *|t')]-->This paragraph should be unstyled.<!--[/TEXT('*|p, *|q, *|r, *|s, *|t')]--></p><!--[/ELEMENT('*|p, *|q, *|r, *|s, *|t')]-->
<!--[ELEMENT('*|p, *|q, *|r, *|s, *|t')]--><!--[ELEMENT('*|p.red, *|q, *|t')]--><!--[ELEMENT('div.stub *|*:not([*|title$="tait"])')]--><p title="si tu chantais" class="red"><!--[TEXT('*|p, *|q, *|r, *|s, *|t')]--><!--[TEXT('*|p.red, *|q, *|t')]--><!--[TEXT('div.stub *|*:not([*|title$="tait"])')]-->This paragraph should have a green background.<!--[/TEXT('div.stub *|*:not([*|title$="tait"])')]--><!--[/TEXT('*|p.red, *|q, *|t')]--><!--[/TEXT('*|p, *|q, *|r, *|s, *|t')]--></p><!--[/ELEMENT('div.stub *|*:not([*|title$="tait"])')]--><!--[/ELEMENT('*|p.red, *|q, *|t')]--><!--[/ELEMENT('*|p, *|q, *|r, *|s, *|t')]-->
<!--[ELEMENT('*|p, *|q, *|r, *|s, *|t')]--><!--[ELEMENT('*|p.red, *|q, *|t')]--><!--[ELEMENT('div.stub *|*:not([*|title$="tait"])')]--><q xmlns="http://www.example.org/a" a:title="si nous chantions"><!--[TEXT('*|p, *|q, *|r, *|s, *|t')]--><!--[TEXT('*|p.red, *|q, *|t')]--><!--[TEXT('div.stub *|*:not([*|title$="tait"])')]-->This paragraph should have a green background.<!--[/TEXT('div.stub *|*:not([*|title$="tait"])')]--><!--[/TEXT('*|p.red, *|q, *|t')]--><!--[/TEXT('*|p, *|q, *|r, *|s, *|t')]--></q><!--[/ELEMENT('div.stub *|*:not([*|title$="tait"])')]--><!--[/ELEMENT('*|p.red, *|q, *|t')]--><!--[/ELEMENT('*|p, *|q, *|r, *|s, *|t')]-->
<!--[ELEMENT('*|p, *|q, *|r, *|s, *|t')]--><!--[ELEMENT('div.stub *|*:not([*|title$="tait"])')]--><r xmlns="http://www.example.org/a" a:title="si on chantait"><!--[TEXT('*|p, *|q, *|r, *|s, *|t')]--><!--[TEXT('div.stub *|*:not([*|title$="tait"])')]-->This paragraph should be unstyled.<!--[/TEXT('div.stub *|*:not([*|title$="tait"])')]--><!--[/TEXT('*|p, *|q, *|r, *|s, *|t')]--></r><!--[/ELEMENT('div.stub *|*:not([*|title$="tait"])')]--><!--[/ELEMENT('*|p, *|q, *|r, *|s, *|t')]-->
<!--[ELEMENT('*|p, *|q, *|r, *|s, *|t')]--><!--[ELEMENT('div.stub *|*:not([*|title$="tait"])')]--><s xmlns="http://www.example.org/b" b:title="si on chantait"><!--[TEXT('*|p, *|q, *|r, *|s, *|t')]--><!--[TEXT('div.stub *|*:not([*|title$="tait"])')]-->This paragraph should be unstyled.<!--[/TEXT('div.stub *|*:not([*|title$="tait"])')]--><!--[/TEXT('*|p, *|q, *|r, *|s, *|t')]--></s><!--[/ELEMENT('div.stub *|*:not([*|title$="tait"])')]--><!--[/ELEMENT('*|p, *|q, *|r, *|s, *|t')]-->
<!--[ELEMENT('*|p, *|q, *|r, *|s, *|t')]--><!--[ELEMENT('*|p.red, *|q, *|t')]--><!--[ELEMENT('div.stub *|*:not([*|title$="tait"])')]--><t xmlns="http://www.example.org/b" b:ti="si on chantait"><!--[TEXT('*|p, *|q, *|r, *|s, *|t')]--><!--[TEXT('*|p.red, *|q, *|t')]--><!--[TEXT('div.stub *|*:not([*|title$="tait"])')]-->This paragraph should have a green background.<!--[/TEXT('div.stub *|*:not([*|title$="tait"])')]--><!--[/TEXT('*|p.red, *|q, *|t')]--><!--[/TEXT('*|p, *|q, *|r, *|s, *|t')]--></t><!--[/ELEMENT('div.stub *|*:not([*|title$="tait"])')]--><!--[/ELEMENT('*|p.red, *|q, *|t')]--><!--[/ELEMENT('*|p, *|q, *|r, *|s, *|t')]-->
</div>

</body></html>