<html><head>
  <title>NEGATED Attribute dash-separated value selector without declared namespace</title>
  <style type="text/css">@namespace a url(http://www.example.org/a);
@namespace b url(http://www.example.org/b);
@namespace html url(http://www.w3.org/1999/xhtml);
*|p, *|address, *|q, *|r { display : block ; margin-bottom : 1em }
*|address, *|r { background-color : red }
div.stub *|*:not([|lang|="foo-bar"]) { background-color : lime }</style>
  <link rel="author" title="Daniel Glazman" href="http://glazman.org/">
  <link rel="author" title="Ian Hickson" href="mailto:ian@hixie.ch">
  <link rel="help" href="https://www.w3.org/TR/css3-selectors/#selectors"> <!-- bogus link to make sure it gets found -->
  <meta name="flags" content=" namespace">
 </head>
 <body xmlns:b="http://www.example.org/b">
<div class="stub">
<!--[ELEMENT('*|p, *|address, *|q, *|r')]--><p lang="foo-bar"><!--[TEXT('*|p, *|address, *|q, *|r')]-->This paragraph should be unstyled.<!--[/TEXT('*|p, *|address, *|q, *|r')]--></p><!--[/ELEMENT('*|p, *|address, *|q, *|r')]-->
<!--[ELEMENT('*|p, *|address, *|q, *|r')]--><!--[ELEMENT('*|address, *|r')]--><!--[ELEMENT('div.stub *|*:not([|lang|="foo-bar"])')]--><address lang="foo-b"><!--[TEXT('*|p, *|address, *|q, *|r')]--><!--[TEXT('*|address, *|r')]--><!--[TEXT('div.stub *|*:not([|lang|="foo-bar"])')]-->This address should have a green background.<!--[/TEXT('div.stub *|*:not([|lang|="foo-bar"])')]--><!--[/TEXT('*|address, *|r')]--><!--[/TEXT('*|p, *|address, *|q, *|r')]--></address><!--[/ELEMENT('div.stub *|*:not([|lang|="foo-bar"])')]--><!--[/ELEMENT('*|address, *|r')]--><!--[/ELEMENT('*|p, *|address, *|q, *|r')]-->
<!--[ELEMENT('*|p, *|address, *|q, *|r')]--><!--[ELEMENT('*|address, *|r')]--><!--[ELEMENT('div.stub *|*:not([|lang|="foo-bar"])')]--><address lang="foo-barbar-toto"><!--[TEXT('*|p, *|address, *|q, *|r')]--><!--[TEXT('*|address, *|r')]--><!--[TEXT('div.stub *|*:not([|lang|="foo-bar"])')]-->This address should have a green background.<!--[/TEXT('div.stub *|*:not([|lang|="foo-bar"])')]--><!--[/TEXT('*|address, *|r')]--><!--[/TEXT('*|p, *|address, *|q, *|r')]--></address><!--[/ELEMENT('div.stub *|*:not([|lang|="foo-bar"])')]--><!--[/ELEMENT('*|address, *|r')]--><!--[/ELEMENT('*|p, *|address, *|q, *|r')]-->
<!--[ELEMENT('*|p, *|address, *|q, *|r')]--><q xmlns="http://www.example.org/a" lang="foo-bar"><!--[TEXT('*|p, *|address, *|q, *|r')]-->This paragraph should be unstyled.<!--[/TEXT('*|p, *|address, *|q, *|r')]--></q><!--[/ELEMENT('*|p, *|address, *|q, *|r')]-->
<!--[ELEMENT('*|p, *|address, *|q, *|r')]--><!--[ELEMENT('*|address, *|r')]--><!--[ELEMENT('div.stub *|*:not([|lang|="foo-bar"])')]--><r xmlns="http://www.example.org/b" b:lang="foo-bar"><!--[TEXT('*|p, *|address, *|q, *|r')]--><!--[TEXT('*|address, *|r')]--><!--[TEXT('div.stub *|*:not([|lang|="foo-bar"])')]-->This paragraph should have a green background.<!--[/TEXT('div.stub *|*:not([|lang|="foo-bar"])')]--><!--[/TEXT('*|address, *|r')]--><!--[/TEXT('*|p, *|address, *|q, *|r')]--></r><!--[/ELEMENT('div.stub *|*:not([|lang|="foo-bar"])')]--><!--[/ELEMENT('*|address, *|r')]--><!--[/ELEMENT('*|p, *|address, *|q, *|r')]-->
</div>

</body></html>