<html><!--[ELEMENT('*')]--><head><!--[TEXT('*')]--><!--[TEXT('*')]-->
  <!--[/TEXT('*')]--><!--[/TEXT('*')]--><!--[ELEMENT('*')]--><title><!--[TEXT('*')]--><!--[TEXT('*')]--><!--[TEXT('*')]-->Universal selector<!--[/TEXT('*')]--><!--[/TEXT('*')]--><!--[/TEXT('*')]--></title><!--[/ELEMENT('*')]--><!--[TEXT('*')]--><!--[TEXT('*')]-->
  <!--[/TEXT('*')]--><!--[/TEXT('*')]--><!--[ELEMENT('*')]--><style type="text/css"><!--[TEXT('*')]--><!--[TEXT('*')]--><!--[TEXT('*')]-->* { color : lime }
ul, p { color : red }
*.t1 { color : lime }
<!--[/TEXT('*')]--><!--[/TEXT('*')]--><!--[/TEXT('*')]--></style><!--[/ELEMENT('*')]--><!--[TEXT('*')]--><!--[TEXT('*')]-->
  <!--[/TEXT('*')]--><!--[/TEXT('*')]--><!--[ELEMENT('*')]--><link rel="author" title="Daniel Glazman" href="http://glazman.org/"><!--[/ELEMENT('*')]--><!--[TEXT('*')]--><!--[TEXT('*')]-->
  <!--[/TEXT('*')]--><!--[/TEXT('*')]--><!--[ELEMENT('*')]--><link rel="help" href="https://www.w3.org/TR/css3-selectors/#selectors"><!--[/ELEMENT('*')]--><!--[TEXT('*')]--><!--[TEXT('*')]--> <!--[/TEXT('*')]--><!--[/TEXT('*')]--><!--[COMMENT('*')]--><!--[COMMENT('*')]--><!-- bogus link to make sure it gets found --><!--[/COMMENT('*')]--><!--[/COMMENT('*')]--><!--[TEXT('*')]--><!--[TEXT('*')]-->
  <!--[/TEXT('*')]--><!--[/TEXT('*')]--><!--[ELEMENT('*')]--><meta name="flags" content=" namespace"><!--[/ELEMENT('*')]--><!--[TEXT('*')]--><!--[TEXT('*')]-->
 <!--[/TEXT('*')]--><!--[/TEXT('*')]--></head><!--[/ELEMENT('*')]--><!--[TEXT('*')]-->
 <!--[/TEXT('*')]--><!--[ELEMENT('*')]--><body><!--[TEXT('*')]--><!--[TEXT('*')]-->
<!--[/TEXT('*')]--><!--[/TEXT('*')]--><!--[ELEMENT('*')]--><!--[ELEMENT('ul, p')]--><p><!--[TEXT('*')]--><!--[TEXT('*')]--><!--[TEXT('*')]--><!--[TEXT('ul, p')]-->
<!--[/TEXT('ul, p')]--><!--[/TEXT('*')]--><!--[/TEXT('*')]--><!--[/TEXT('*')]--><!--[COMMENT('ul, p')]--><!--[ELEMENT('*')]--><!--[/COMMENT('ul, p')]--><!--[ELEMENT('*.t1')]--><span class="t1"><!--[TEXT('*')]--><!--[TEXT('*')]--><!--[TEXT('*')]--><!--[TEXT('*')]--><!--[TEXT('ul, p')]--><!--[TEXT('*.t1')]-->This paragraph, and all textual contents in the document,
      should be green.<!--[/TEXT('*.t1')]--><!--[/TEXT('ul, p')]--><!--[/TEXT('*')]--><!--[/TEXT('*')]--><!--[/TEXT('*')]--><!--[/TEXT('*')]--></span><!--[/ELEMENT('*.t1')]--><!--[COMMENT('ul, p')]--><!--[/ELEMENT('*')]--><!--[/COMMENT('ul, p')]--><!--[TEXT('*')]--><!--[TEXT('*')]--><!--[TEXT('*')]--><!--[TEXT('ul, p')]-->
<!--[/TEXT('ul, p')]--><!--[/TEXT('*')]--><!--[/TEXT('*')]--><!--[/TEXT('*')]--></p><!--[/ELEMENT('ul, p')]--><!--[/ELEMENT('*')]--><!--[TEXT('*')]--><!--[TEXT('*')]-->
<!--[/TEXT('*')]--><!--[/TEXT('*')]--><!--[ELEMENT('*')]--><!--[ELEMENT('ul, p')]--><ul><!--[TEXT('*')]--><!--[TEXT('*')]--><!--[TEXT('*')]--><!--[TEXT('ul, p')]-->
  <!--[/TEXT('ul, p')]--><!--[/TEXT('*')]--><!--[/TEXT('*')]--><!--[/TEXT('*')]--><!--[COMMENT('ul, p')]--><!--[ELEMENT('*')]--><!--[/COMMENT('ul, p')]--><!--[ELEMENT('*.t1')]--><li class="t1"><!--[TEXT('*')]--><!--[TEXT('*')]--><!--[TEXT('*')]--><!--[TEXT('*')]--><!--[TEXT('ul, p')]--><!--[TEXT('*.t1')]-->This item should be green.<!--[/TEXT('*.t1')]--><!--[/TEXT('ul, p')]--><!--[/TEXT('*')]--><!--[/TEXT('*')]--><!--[/TEXT('*')]--><!--[/TEXT('*')]--></li><!--[/ELEMENT('*.t1')]--><!--[COMMENT('ul, p')]--><!--[/ELEMENT('*')]--><!--[/COMMENT('ul, p')]--><!--[TEXT('*')]--><!--[TEXT('*')]--><!--[TEXT('*')]--><!--[TEXT('ul, p')]-->
<!--[/TEXT('ul, p')]--><!--[/TEXT('*')]--><!--[/TEXT('*')]--><!--[/TEXT('*')]--></ul><!--[/ELEMENT('ul, p')]--><!--[/ELEMENT('*')]--><!--[TEXT('*')]--><!--[TEXT('*')]-->
<!--[/TEXT('*')]--><!--[/TEXT('*')]--><!--[ELEMENT('*')]--><foo xmlns="http://www.example.org/a"><!--[TEXT('*')]--><!--[TEXT('*')]--><!--[TEXT('*')]-->And this element, part of a non-HTML namespace,
      should be green too<!--[/TEXT('*')]--><!--[/TEXT('*')]--><!--[/TEXT('*')]--></foo><!--[/ELEMENT('*')]--><!--[TEXT('*')]--><!--[TEXT('*')]-->

<!--[/TEXT('*')]--><!--[/TEXT('*')]--></body><!--[/ELEMENT('*')]--></html>