<html><head>
  <title>Child combinator</title>
  <style type="text/css">.white { background-color: transparent ! important; }
.red { background-color: red; }
div > p.test { background-color: lime; }</style>
  <link rel="author" title="Daniel Glazman" href="http://glazman.org/">
  <link rel="author" title="Ian Hickson" href="mailto:ian@hixie.ch">
  <link rel="help" href="https://www.w3.org/TR/css3-selectors/#selectors"> <!-- bogus link to make sure it gets found -->
  <meta name="flags" content="">
 </head>
 <body>
 <div>
  <!--[ELEMENT('.red')]--><!--[ELEMENT('div > p.test')]--><p class="red test"><!--[TEXT('.red')]--><!--[TEXT('div > p.test')]-->This paragraph should have a green background<!--[/TEXT('div > p.test')]--><!--[/TEXT('.red')]--></p><!--[/ELEMENT('div > p.test')]--><!--[/ELEMENT('.red')]-->
  <div>
   <!--[ELEMENT('.red')]--><!--[ELEMENT('div > p.test')]--><p class="red test"><!--[TEXT('.red')]--><!--[TEXT('div > p.test')]-->This paragraph should have a green background<!--[/TEXT('div > p.test')]--><!--[/TEXT('.red')]--></p><!--[/ELEMENT('div > p.test')]--><!--[/ELEMENT('.red')]-->
  </div>
 </div>
 <table>
  <tbody>
   <tr>
    <td>
     <!--[ELEMENT('.white')]--><p class="white test"><!--[TEXT('.white')]-->This paragraph should be unstyled.<!--[/TEXT('.white')]--></p><!--[/ELEMENT('.white')]-->
    </td>
   </tr>
  </tbody>
 </table>

</body></html>