<html><head>
  <title>Multiple ID selectors</title>
  <style type="text/css">
p { background: green; color: white; }
#test#fail { background: red; color: yellow; }
#fail#test { background: red; color: yellow; }
#fail { background: red; color: yellow; }
div { background: red; color: yellow; }
#pass#pass { background: green; color: white; }
</style>
  <link rel="author" title="Ian Hickson" href="mailto:ian@hixie.ch">
  <link rel="help" href="https://www.w3.org/TR/css3-selectors/#selectors"> <!-- bogus link to make sure it gets found -->
  <link rel="match" href="reference/this-line-green-background.xht">
  <meta name="flags" content="">
 </head>
 <body>
  <!--[ELEMENT('p')]--><p id="test"><!--[TEXT('p')]-->This line should be green.<!--[/TEXT('p')]--></p><!--[/ELEMENT('p')]-->
  <!--[ELEMENT('div')]--><!--[ELEMENT('#pass#pass')]--><div id="pass"><!--[TEXT('div')]--><!--[TEXT('#pass#pass')]-->This line should be green.<!--[/TEXT('#pass#pass')]--><!--[/TEXT('div')]--></div><!--[/ELEMENT('#pass#pass')]--><!--[/ELEMENT('div')]-->

</body></html>