<html><head>
  <title>NEGATED :target pseudo-class</title>
  <style type="text/css">p { background-color: red; }
p:not(:target) { background-color: lime; }</style>
  <link rel="author" title="Daniel Glazman" href="http://glazman.org/">
  <link rel="author" title="Ian Hickson" href="mailto:ian@hixie.ch">
  <link rel="help" href="https://www.w3.org/TR/css3-selectors/#selectors"> <!-- bogus link to make sure it gets found -->
  <meta name="flags" content="">
 </head>
 <body>
<!--[ELEMENT('p')]--><!--[ELEMENT('p:not(:target)')]--><p><!--[TEXT('p')]--><!--[TEXT('p:not(:target)')]-->This paragraph should be green.<!--[/TEXT('p:not(:target)')]--><!--[/TEXT('p')]--></p><!--[/ELEMENT('p:not(:target)')]--><!--[/ELEMENT('p')]-->

</body></html>