<html><head>
  <title>NEGATED :nth-child() pseudo-class</title>
  <style type="text/css">.green { background-color : lime ! important; }
ul > li:not(:nth-child(odd)) { background-color : red }
ol > li:not(:nth-child(even)) { background-color : red }
table.t1 tr:not(:nth-child(-n+4)) { background-color : red }
table.t2 td:not(:nth-child(3n+1)) { background-color : red }
table.t1 td, table.t2 td { border : thin black solid }</style>
  <link rel="author" title="Daniel Glazman" href="http://glazman.org/">
  <link rel="author" title="Ian Hickson" href="mailto:ian@hixie.ch">
  <link rel="help" href="https://www.w3.org/TR/css3-selectors/#selectors"> <!-- bogus link to make sure it gets found -->
  <meta name="flags" content="">
 </head>
 <body>
<ul>
  <li>First list item</li>
  <!--[ELEMENT('.green')]--><!--[ELEMENT('ul > li:not(:nth-child(odd))')]--><li class="green"><!--[TEXT('.green')]--><!--[TEXT('ul > li:not(:nth-child(odd))')]-->This second list item should have a green background<!--[/TEXT('ul > li:not(:nth-child(odd))')]--><!--[/TEXT('.green')]--></li><!--[/ELEMENT('ul > li:not(:nth-child(odd))')]--><!--[/ELEMENT('.green')]-->
  <li>Third list</li>
  <!--[ELEMENT('.green')]--><!--[ELEMENT('ul > li:not(:nth-child(odd))')]--><li class="green"><!--[TEXT('.green')]--><!--[TEXT('ul > li:not(:nth-child(odd))')]-->This fourth list item should have a green background<!--[/TEXT('ul > li:not(:nth-child(odd))')]--><!--[/TEXT('.green')]--></li><!--[/ELEMENT('ul > li:not(:nth-child(odd))')]--><!--[/ELEMENT('.green')]-->
  <li>Fifth list item</li>
  <!--[ELEMENT('.green')]--><!--[ELEMENT('ul > li:not(:nth-child(odd))')]--><li class="green"><!--[TEXT('.green')]--><!--[TEXT('ul > li:not(:nth-child(odd))')]-->This sixth list item should have a green background<!--[/TEXT('ul > li:not(:nth-child(odd))')]--><!--[/TEXT('.green')]--></li><!--[/ELEMENT('ul > li:not(:nth-child(odd))')]--><!--[/ELEMENT('.green')]-->
</ul>
<ol>
  <!--[ELEMENT('.green')]--><!--[ELEMENT('ol > li:not(:nth-child(even))')]--><li class="green"><!--[TEXT('.green')]--><!--[TEXT('ol > li:not(:nth-child(even))')]-->This first list item should have a green background<!--[/TEXT('ol > li:not(:nth-child(even))')]--><!--[/TEXT('.green')]--></li><!--[/ELEMENT('ol > li:not(:nth-child(even))')]--><!--[/ELEMENT('.green')]-->
  <li>Second list item</li>
  <!--[ELEMENT('.green')]--><!--[ELEMENT('ol > li:not(:nth-child(even))')]--><li class="green"><!--[TEXT('.green')]--><!--[TEXT('ol > li:not(:nth-child(even))')]-->This third list item should have a green background<!--[/TEXT('ol > li:not(:nth-child(even))')]--><!--[/TEXT('.green')]--></li><!--[/ELEMENT('ol > li:not(:nth-child(even))')]--><!--[/ELEMENT('.green')]-->
  <li>Fourth list item</li>
  <!--[ELEMENT('.green')]--><!--[ELEMENT('ol > li:not(:nth-child(even))')]--><li class="green"><!--[TEXT('.green')]--><!--[TEXT('ol > li:not(:nth-child(even))')]-->This fifth list item should have a green background<!--[/TEXT('ol > li:not(:nth-child(even))')]--><!--[/TEXT('.green')]--></li><!--[/ELEMENT('ol > li:not(:nth-child(even))')]--><!--[/ELEMENT('.green')]-->
  <li>Sixth list item</li>
</ol>
<div>
<table border="1" class="t1">
  <tbody><tr>
<!--[ELEMENT('table.t1 td, table.t2 td')]--><td><!--[TEXT('table.t1 td, table.t2 td')]-->1.1<!--[/TEXT('table.t1 td, table.t2 td')]--></td><!--[/ELEMENT('table.t1 td, table.t2 td')]-->
<!--[ELEMENT('table.t1 td, table.t2 td')]--><td><!--[TEXT('table.t1 td, table.t2 td')]-->1.2<!--[/TEXT('table.t1 td, table.t2 td')]--></td><!--[/ELEMENT('table.t1 td, table.t2 td')]-->
     <!--[ELEMENT('table.t1 td, table.t2 td')]--><td><!--[TEXT('table.t1 td, table.t2 td')]-->1.3<!--[/TEXT('table.t1 td, table.t2 td')]--></td><!--[/ELEMENT('table.t1 td, table.t2 td')]-->
</tr>
  <tr>
<!--[ELEMENT('table.t1 td, table.t2 td')]--><td><!--[TEXT('table.t1 td, table.t2 td')]-->2.1<!--[/TEXT('table.t1 td, table.t2 td')]--></td><!--[/ELEMENT('table.t1 td, table.t2 td')]-->
<!--[ELEMENT('table.t1 td, table.t2 td')]--><td><!--[TEXT('table.t1 td, table.t2 td')]-->2.2<!--[/TEXT('table.t1 td, table.t2 td')]--></td><!--[/ELEMENT('table.t1 td, table.t2 td')]-->
     <!--[ELEMENT('table.t1 td, table.t2 td')]--><td><!--[TEXT('table.t1 td, table.t2 td')]-->2.3<!--[/TEXT('table.t1 td, table.t2 td')]--></td><!--[/ELEMENT('table.t1 td, table.t2 td')]-->
</tr>
  <tr>
<!--[ELEMENT('table.t1 td, table.t2 td')]--><td><!--[TEXT('table.t1 td, table.t2 td')]-->3.1<!--[/TEXT('table.t1 td, table.t2 td')]--></td><!--[/ELEMENT('table.t1 td, table.t2 td')]-->
<!--[ELEMENT('table.t1 td, table.t2 td')]--><td><!--[TEXT('table.t1 td, table.t2 td')]-->3.2<!--[/TEXT('table.t1 td, table.t2 td')]--></td><!--[/ELEMENT('table.t1 td, table.t2 td')]-->
     <!--[ELEMENT('table.t1 td, table.t2 td')]--><td><!--[TEXT('table.t1 td, table.t2 td')]-->3.3<!--[/TEXT('table.t1 td, table.t2 td')]--></td><!--[/ELEMENT('table.t1 td, table.t2 td')]-->
</tr>
  <tr>
<!--[ELEMENT('table.t1 td, table.t2 td')]--><td><!--[TEXT('table.t1 td, table.t2 td')]-->4.1<!--[/TEXT('table.t1 td, table.t2 td')]--></td><!--[/ELEMENT('table.t1 td, table.t2 td')]-->
<!--[ELEMENT('table.t1 td, table.t2 td')]--><td><!--[TEXT('table.t1 td, table.t2 td')]-->4.2<!--[/TEXT('table.t1 td, table.t2 td')]--></td><!--[/ELEMENT('table.t1 td, table.t2 td')]-->
      <!--[ELEMENT('table.t1 td, table.t2 td')]--><td><!--[TEXT('table.t1 td, table.t2 td')]-->4.3<!--[/TEXT('table.t1 td, table.t2 td')]--></td><!--[/ELEMENT('table.t1 td, table.t2 td')]-->
</tr>
  <!--[ELEMENT('.green')]--><!--[ELEMENT('table.t1 tr:not(:nth-child(-n+4))')]--><tr class="green"><!--[TEXT('.green')]--><!--[TEXT('table.t1 tr:not(:nth-child(-n+4))')]-->
<!--[/TEXT('table.t1 tr:not(:nth-child(-n+4))')]--><!--[/TEXT('.green')]--><!--[ELEMENT('table.t1 td, table.t2 td')]--><td><!--[TEXT('.green')]--><!--[TEXT('table.t1 tr:not(:nth-child(-n+4))')]--><!--[TEXT('table.t1 td, table.t2 td')]-->Green row : 5.1<!--[/TEXT('table.t1 td, table.t2 td')]--><!--[/TEXT('table.t1 tr:not(:nth-child(-n+4))')]--><!--[/TEXT('.green')]--></td><!--[/ELEMENT('table.t1 td, table.t2 td')]--><!--[TEXT('.green')]--><!--[TEXT('table.t1 tr:not(:nth-child(-n+4))')]-->
<!--[/TEXT('table.t1 tr:not(:nth-child(-n+4))')]--><!--[/TEXT('.green')]--><!--[ELEMENT('table.t1 td, table.t2 td')]--><td><!--[TEXT('.green')]--><!--[TEXT('table.t1 tr:not(:nth-child(-n+4))')]--><!--[TEXT('table.t1 td, table.t2 td')]-->5.2<!--[/TEXT('table.t1 td, table.t2 td')]--><!--[/TEXT('table.t1 tr:not(:nth-child(-n+4))')]--><!--[/TEXT('.green')]--></td><!--[/ELEMENT('table.t1 td, table.t2 td')]--><!--[TEXT('.green')]--><!--[TEXT('table.t1 tr:not(:nth-child(-n+4))')]-->
<!--[/TEXT('table.t1 tr:not(:nth-child(-n+4))')]--><!--[/TEXT('.green')]--><!--[ELEMENT('table.t1 td, table.t2 td')]--><td><!--[TEXT('.green')]--><!--[TEXT('table.t1 tr:not(:nth-child(-n+4))')]--><!--[TEXT('table.t1 td, table.t2 td')]-->5.3<!--[/TEXT('table.t1 td, table.t2 td')]--><!--[/TEXT('table.t1 tr:not(:nth-child(-n+4))')]--><!--[/TEXT('.green')]--></td><!--[/ELEMENT('table.t1 td, table.t2 td')]--><!--[TEXT('.green')]--><!--[TEXT('table.t1 tr:not(:nth-child(-n+4))')]-->
<!--[/TEXT('table.t1 tr:not(:nth-child(-n+4))')]--><!--[/TEXT('.green')]--></tr><!--[/ELEMENT('table.t1 tr:not(:nth-child(-n+4))')]--><!--[/ELEMENT('.green')]-->
  <!--[ELEMENT('.green')]--><!--[ELEMENT('table.t1 tr:not(:nth-child(-n+4))')]--><tr class="green"><!--[TEXT('.green')]--><!--[TEXT('table.t1 tr:not(:nth-child(-n+4))')]-->
<!--[/TEXT('table.t1 tr:not(:nth-child(-n+4))')]--><!--[/TEXT('.green')]--><!--[ELEMENT('table.t1 td, table.t2 td')]--><td><!--[TEXT('.green')]--><!--[TEXT('table.t1 tr:not(:nth-child(-n+4))')]--><!--[TEXT('table.t1 td, table.t2 td')]-->Green row : 6.1<!--[/TEXT('table.t1 td, table.t2 td')]--><!--[/TEXT('table.t1 tr:not(:nth-child(-n+4))')]--><!--[/TEXT('.green')]--></td><!--[/ELEMENT('table.t1 td, table.t2 td')]--><!--[TEXT('.green')]--><!--[TEXT('table.t1 tr:not(:nth-child(-n+4))')]-->
<!--[/TEXT('table.t1 tr:not(:nth-child(-n+4))')]--><!--[/TEXT('.green')]--><!--[ELEMENT('table.t1 td, table.t2 td')]--><td><!--[TEXT('.green')]--><!--[TEXT('table.t1 tr:not(:nth-child(-n+4))')]--><!--[TEXT('table.t1 td, table.t2 td')]-->6.2<!--[/TEXT('table.t1 td, table.t2 td')]--><!--[/TEXT('table.t1 tr:not(:nth-child(-n+4))')]--><!--[/TEXT('.green')]--></td><!--[/ELEMENT('table.t1 td, table.t2 td')]--><!--[TEXT('.green')]--><!--[TEXT('table.t1 tr:not(:nth-child(-n+4))')]-->
<!--[/TEXT('table.t1 tr:not(:nth-child(-n+4))')]--><!--[/TEXT('.green')]--><!--[ELEMENT('table.t1 td, table.t2 td')]--><td><!--[TEXT('.green')]--><!--[TEXT('table.t1 tr:not(:nth-child(-n+4))')]--><!--[TEXT('table.t1 td, table.t2 td')]-->6.3<!--[/TEXT('table.t1 td, table.t2 td')]--><!--[/TEXT('table.t1 tr:not(:nth-child(-n+4))')]--><!--[/TEXT('.green')]--></td><!--[/ELEMENT('table.t1 td, table.t2 td')]--><!--[TEXT('.green')]--><!--[TEXT('table.t1 tr:not(:nth-child(-n+4))')]-->
<!--[/TEXT('table.t1 tr:not(:nth-child(-n+4))')]--><!--[/TEXT('.green')]--></tr><!--[/ELEMENT('table.t1 tr:not(:nth-child(-n+4))')]--><!--[/ELEMENT('.green')]-->
</tbody></table>
<p></p>
<table class="t2" border="1">
  <tbody><tr>
<!--[ELEMENT('table.t1 td, table.t2 td')]--><td><!--[TEXT('table.t1 td, table.t2 td')]-->1.1<!--[/TEXT('table.t1 td, table.t2 td')]--></td><!--[/ELEMENT('table.t1 td, table.t2 td')]-->
<!--[ELEMENT('.green')]--><!--[ELEMENT('table.t2 td:not(:nth-child(3n+1))')]--><!--[ELEMENT('table.t1 td, table.t2 td')]--><td class="green"><!--[TEXT('.green')]--><!--[TEXT('table.t2 td:not(:nth-child(3n+1))')]--><!--[TEXT('table.t1 td, table.t2 td')]-->green cell<!--[/TEXT('table.t1 td, table.t2 td')]--><!--[/TEXT('table.t2 td:not(:nth-child(3n+1))')]--><!--[/TEXT('.green')]--></td><!--[/ELEMENT('table.t1 td, table.t2 td')]--><!--[/ELEMENT('table.t2 td:not(:nth-child(3n+1))')]--><!--[/ELEMENT('.green')]-->
<!--[ELEMENT('.green')]--><!--[ELEMENT('table.t2 td:not(:nth-child(3n+1))')]--><!--[ELEMENT('table.t1 td, table.t2 td')]--><td class="green"><!--[TEXT('.green')]--><!--[TEXT('table.t2 td:not(:nth-child(3n+1))')]--><!--[TEXT('table.t1 td, table.t2 td')]-->green cell<!--[/TEXT('table.t1 td, table.t2 td')]--><!--[/TEXT('table.t2 td:not(:nth-child(3n+1))')]--><!--[/TEXT('.green')]--></td><!--[/ELEMENT('table.t1 td, table.t2 td')]--><!--[/ELEMENT('table.t2 td:not(:nth-child(3n+1))')]--><!--[/ELEMENT('.green')]-->
      <!--[ELEMENT('table.t1 td, table.t2 td')]--><td><!--[TEXT('table.t1 td, table.t2 td')]-->1.4<!--[/TEXT('table.t1 td, table.t2 td')]--></td><!--[/ELEMENT('table.t1 td, table.t2 td')]-->
<!--[ELEMENT('.green')]--><!--[ELEMENT('table.t2 td:not(:nth-child(3n+1))')]--><!--[ELEMENT('table.t1 td, table.t2 td')]--><td class="green"><!--[TEXT('.green')]--><!--[TEXT('table.t2 td:not(:nth-child(3n+1))')]--><!--[TEXT('table.t1 td, table.t2 td')]-->green cell<!--[/TEXT('table.t1 td, table.t2 td')]--><!--[/TEXT('table.t2 td:not(:nth-child(3n+1))')]--><!--[/TEXT('.green')]--></td><!--[/ELEMENT('table.t1 td, table.t2 td')]--><!--[/ELEMENT('table.t2 td:not(:nth-child(3n+1))')]--><!--[/ELEMENT('.green')]-->
<!--[ELEMENT('.green')]--><!--[ELEMENT('table.t2 td:not(:nth-child(3n+1))')]--><!--[ELEMENT('table.t1 td, table.t2 td')]--><td class="green"><!--[TEXT('.green')]--><!--[TEXT('table.t2 td:not(:nth-child(3n+1))')]--><!--[TEXT('table.t1 td, table.t2 td')]-->green cell<!--[/TEXT('table.t1 td, table.t2 td')]--><!--[/TEXT('table.t2 td:not(:nth-child(3n+1))')]--><!--[/TEXT('.green')]--></td><!--[/ELEMENT('table.t1 td, table.t2 td')]--><!--[/ELEMENT('table.t2 td:not(:nth-child(3n+1))')]--><!--[/ELEMENT('.green')]-->
      <!--[ELEMENT('table.t1 td, table.t2 td')]--><td><!--[TEXT('table.t1 td, table.t2 td')]-->1.7<!--[/TEXT('table.t1 td, table.t2 td')]--></td><!--[/ELEMENT('table.t1 td, table.t2 td')]-->
<!--[ELEMENT('.green')]--><!--[ELEMENT('table.t2 td:not(:nth-child(3n+1))')]--><!--[ELEMENT('table.t1 td, table.t2 td')]--><td class="green"><!--[TEXT('.green')]--><!--[TEXT('table.t2 td:not(:nth-child(3n+1))')]--><!--[TEXT('table.t1 td, table.t2 td')]-->green cell<!--[/TEXT('table.t1 td, table.t2 td')]--><!--[/TEXT('table.t2 td:not(:nth-child(3n+1))')]--><!--[/TEXT('.green')]--></td><!--[/ELEMENT('table.t1 td, table.t2 td')]--><!--[/ELEMENT('table.t2 td:not(:nth-child(3n+1))')]--><!--[/ELEMENT('.green')]-->
</tr>
  <tr>
<!--[ELEMENT('table.t1 td, table.t2 td')]--><td><!--[TEXT('table.t1 td, table.t2 td')]-->2.1<!--[/TEXT('table.t1 td, table.t2 td')]--></td><!--[/ELEMENT('table.t1 td, table.t2 td')]-->
<!--[ELEMENT('.green')]--><!--[ELEMENT('table.t2 td:not(:nth-child(3n+1))')]--><!--[ELEMENT('table.t1 td, table.t2 td')]--><td class="green"><!--[TEXT('.green')]--><!--[TEXT('table.t2 td:not(:nth-child(3n+1))')]--><!--[TEXT('table.t1 td, table.t2 td')]-->green cell<!--[/TEXT('table.t1 td, table.t2 td')]--><!--[/TEXT('table.t2 td:not(:nth-child(3n+1))')]--><!--[/TEXT('.green')]--></td><!--[/ELEMENT('table.t1 td, table.t2 td')]--><!--[/ELEMENT('table.t2 td:not(:nth-child(3n+1))')]--><!--[/ELEMENT('.green')]-->
<!--[ELEMENT('.green')]--><!--[ELEMENT('table.t2 td:not(:nth-child(3n+1))')]--><!--[ELEMENT('table.t1 td, table.t2 td')]--><td class="green"><!--[TEXT('.green')]--><!--[TEXT('table.t2 td:not(:nth-child(3n+1))')]--><!--[TEXT('table.t1 td, table.t2 td')]-->green cell<!--[/TEXT('table.t1 td, table.t2 td')]--><!--[/TEXT('table.t2 td:not(:nth-child(3n+1))')]--><!--[/TEXT('.green')]--></td><!--[/ELEMENT('table.t1 td, table.t2 td')]--><!--[/ELEMENT('table.t2 td:not(:nth-child(3n+1))')]--><!--[/ELEMENT('.green')]-->
      <!--[ELEMENT('table.t1 td, table.t2 td')]--><td><!--[TEXT('table.t1 td, table.t2 td')]-->2.4<!--[/TEXT('table.t1 td, table.t2 td')]--></td><!--[/ELEMENT('table.t1 td, table.t2 td')]-->
<!--[ELEMENT('.green')]--><!--[ELEMENT('table.t2 td:not(:nth-child(3n+1))')]--><!--[ELEMENT('table.t1 td, table.t2 td')]--><td class="green"><!--[TEXT('.green')]--><!--[TEXT('table.t2 td:not(:nth-child(3n+1))')]--><!--[TEXT('table.t1 td, table.t2 td')]-->green cell<!--[/TEXT('table.t1 td, table.t2 td')]--><!--[/TEXT('table.t2 td:not(:nth-child(3n+1))')]--><!--[/TEXT('.green')]--></td><!--[/ELEMENT('table.t1 td, table.t2 td')]--><!--[/ELEMENT('table.t2 td:not(:nth-child(3n+1))')]--><!--[/ELEMENT('.green')]-->
<!--[ELEMENT('.green')]--><!--[ELEMENT('table.t2 td:not(:nth-child(3n+1))')]--><!--[ELEMENT('table.t1 td, table.t2 td')]--><td class="green"><!--[TEXT('.green')]--><!--[TEXT('table.t2 td:not(:nth-child(3n+1))')]--><!--[TEXT('table.t1 td, table.t2 td')]-->green cell<!--[/TEXT('table.t1 td, table.t2 td')]--><!--[/TEXT('table.t2 td:not(:nth-child(3n+1))')]--><!--[/TEXT('.green')]--></td><!--[/ELEMENT('table.t1 td, table.t2 td')]--><!--[/ELEMENT('table.t2 td:not(:nth-child(3n+1))')]--><!--[/ELEMENT('.green')]-->
      <!--[ELEMENT('table.t1 td, table.t2 td')]--><td><!--[TEXT('table.t1 td, table.t2 td')]-->2.7<!--[/TEXT('table.t1 td, table.t2 td')]--></td><!--[/ELEMENT('table.t1 td, table.t2 td')]-->
<!--[ELEMENT('.green')]--><!--[ELEMENT('table.t2 td:not(:nth-child(3n+1))')]--><!--[ELEMENT('table.t1 td, table.t2 td')]--><td class="green"><!--[TEXT('.green')]--><!--[TEXT('table.t2 td:not(:nth-child(3n+1))')]--><!--[TEXT('table.t1 td, table.t2 td')]-->green cell<!--[/TEXT('table.t1 td, table.t2 td')]--><!--[/TEXT('table.t2 td:not(:nth-child(3n+1))')]--><!--[/TEXT('.green')]--></td><!--[/ELEMENT('table.t1 td, table.t2 td')]--><!--[/ELEMENT('table.t2 td:not(:nth-child(3n+1))')]--><!--[/ELEMENT('.green')]-->
</tr>
  <tr>
<!--[ELEMENT('table.t1 td, table.t2 td')]--><td><!--[TEXT('table.t1 td, table.t2 td')]-->3.1<!--[/TEXT('table.t1 td, table.t2 td')]--></td><!--[/ELEMENT('table.t1 td, table.t2 td')]-->
<!--[ELEMENT('.green')]--><!--[ELEMENT('table.t2 td:not(:nth-child(3n+1))')]--><!--[ELEMENT('table.t1 td, table.t2 td')]--><td class="green"><!--[TEXT('.green')]--><!--[TEXT('table.t2 td:not(:nth-child(3n+1))')]--><!--[TEXT('table.t1 td, table.t2 td')]-->green cell<!--[/TEXT('table.t1 td, table.t2 td')]--><!--[/TEXT('table.t2 td:not(:nth-child(3n+1))')]--><!--[/TEXT('.green')]--></td><!--[/ELEMENT('table.t1 td, table.t2 td')]--><!--[/ELEMENT('table.t2 td:not(:nth-child(3n+1))')]--><!--[/ELEMENT('.green')]-->
<!--[ELEMENT('.green')]--><!--[ELEMENT('table.t2 td:not(:nth-child(3n+1))')]--><!--[ELEMENT('table.t1 td, table.t2 td')]--><td class="green"><!--[TEXT('.green')]--><!--[TEXT('table.t2 td:not(:nth-child(3n+1))')]--><!--[TEXT('table.t1 td, table.t2 td')]-->green cell<!--[/TEXT('table.t1 td, table.t2 td')]--><!--[/TEXT('table.t2 td:not(:nth-child(3n+1))')]--><!--[/TEXT('.green')]--></td><!--[/ELEMENT('table.t1 td, table.t2 td')]--><!--[/ELEMENT('table.t2 td:not(:nth-child(3n+1))')]--><!--[/ELEMENT('.green')]-->
      <!--[ELEMENT('table.t1 td, table.t2 td')]--><td><!--[TEXT('table.t1 td, table.t2 td')]-->3.4<!--[/TEXT('table.t1 td, table.t2 td')]--></td><!--[/ELEMENT('table.t1 td, table.t2 td')]-->
<!--[ELEMENT('.green')]--><!--[ELEMENT('table.t2 td:not(:nth-child(3n+1))')]--><!--[ELEMENT('table.t1 td, table.t2 td')]--><td class="green"><!--[TEXT('.green')]--><!--[TEXT('table.t2 td:not(:nth-child(3n+1))')]--><!--[TEXT('table.t1 td, table.t2 td')]-->green cell<!--[/TEXT('table.t1 td, table.t2 td')]--><!--[/TEXT('table.t2 td:not(:nth-child(3n+1))')]--><!--[/TEXT('.green')]--></td><!--[/ELEMENT('table.t1 td, table.t2 td')]--><!--[/ELEMENT('table.t2 td:not(:nth-child(3n+1))')]--><!--[/ELEMENT('.green')]-->
<!--[ELEMENT('.green')]--><!--[ELEMENT('table.t2 td:not(:nth-child(3n+1))')]--><!--[ELEMENT('table.t1 td, table.t2 td')]--><td class="green"><!--[TEXT('.green')]--><!--[TEXT('table.t2 td:not(:nth-child(3n+1))')]--><!--[TEXT('table.t1 td, table.t2 td')]-->green cell<!--[/TEXT('table.t1 td, table.t2 td')]--><!--[/TEXT('table.t2 td:not(:nth-child(3n+1))')]--><!--[/TEXT('.green')]--></td><!--[/ELEMENT('table.t1 td, table.t2 td')]--><!--[/ELEMENT('table.t2 td:not(:nth-child(3n+1))')]--><!--[/ELEMENT('.green')]-->
      <!--[ELEMENT('table.t1 td, table.t2 td')]--><td><!--[TEXT('table.t1 td, table.t2 td')]-->3.7<!--[/TEXT('table.t1 td, table.t2 td')]--></td><!--[/ELEMENT('table.t1 td, table.t2 td')]-->
<!--[ELEMENT('.green')]--><!--[ELEMENT('table.t2 td:not(:nth-child(3n+1))')]--><!--[ELEMENT('table.t1 td, table.t2 td')]--><td class="green"><!--[TEXT('.green')]--><!--[TEXT('table.t2 td:not(:nth-child(3n+1))')]--><!--[TEXT('table.t1 td, table.t2 td')]-->green cell<!--[/TEXT('table.t1 td, table.t2 td')]--><!--[/TEXT('table.t2 td:not(:nth-child(3n+1))')]--><!--[/TEXT('.green')]--></td><!--[/ELEMENT('table.t1 td, table.t2 td')]--><!--[/ELEMENT('table.t2 td:not(:nth-child(3n+1))')]--><!--[/ELEMENT('.green')]-->
</tr>
</tbody></table>
</div>

</body></html>