<html><head>
  <title>:nth-of-type() pseudo-class with hidden elements</title>
  <style type="text/css">
  line { display: block; }
  [type~=odd] { background: red; }
  line:nth-of-type(odd) { background: lime; }
  [hidden] { display: none; }
</style>
  <link rel="author" title="Ian Hickson" href="mailto:ian@hixie.ch">
  <link rel="help" href="https://www.w3.org/TR/css3-selectors/#selectors"> <!-- bogus link to make sure it gets found -->
  <meta name="flags" content=" namespace">
 </head>
 <body>
 <test xmlns="http://www.example.org/">
  <!--[ELEMENT('line')]--><!--[ELEMENT('[type~=odd]')]--><!--[ELEMENT('line:nth-of-type(odd)')]--><line type="odd"><!--[TEXT('line')]--><!--[TEXT('[type~=odd]')]--><!--[TEXT('line:nth-of-type(odd)')]-->This line should be green.<!--[/TEXT('line:nth-of-type(odd)')]--><!--[/TEXT('[type~=odd]')]--><!--[/TEXT('line')]--></line><!--[/ELEMENT('line:nth-of-type(odd)')]--><!--[/ELEMENT('[type~=odd]')]--><!--[/ELEMENT('line')]-->
  <!--[ELEMENT('line')]--><line type="even"><!--[TEXT('line')]-->This line should be unstyled.<!--[/TEXT('line')]--></line><!--[/ELEMENT('line')]-->
  <!--[ELEMENT('line')]--><!--[ELEMENT('[type~=odd]')]--><!--[ELEMENT('line:nth-of-type(odd)')]--><!--[ELEMENT('[hidden]')]--><line type="odd" hidden="hidden"><!--[TEXT('line')]--><!--[TEXT('[type~=odd]')]--><!--[TEXT('line:nth-of-type(odd)')]--><!--[TEXT('[hidden]')]-->This line should be green.<!--[/TEXT('[hidden]')]--><!--[/TEXT('line:nth-of-type(odd)')]--><!--[/TEXT('[type~=odd]')]--><!--[/TEXT('line')]--></line><!--[/ELEMENT('[hidden]')]--><!--[/ELEMENT('line:nth-of-type(odd)')]--><!--[/ELEMENT('[type~=odd]')]--><!--[/ELEMENT('line')]-->
  <!--[ELEMENT('line')]--><line type="even"><!--[TEXT('line')]-->This line should be unstyled.<!--[/TEXT('line')]--></line><!--[/ELEMENT('line')]-->
  <!--[ELEMENT('line')]--><!--[ELEMENT('[type~=odd]')]--><!--[ELEMENT('line:nth-of-type(odd)')]--><line type="odd"><!--[TEXT('line')]--><!--[TEXT('[type~=odd]')]--><!--[TEXT('line:nth-of-type(odd)')]-->This line should be green.<!--[/TEXT('line:nth-of-type(odd)')]--><!--[/TEXT('[type~=odd]')]--><!--[/TEXT('line')]--></line><!--[/ELEMENT('line:nth-of-type(odd)')]--><!--[/ELEMENT('[type~=odd]')]--><!--[/ELEMENT('line')]-->
  <!--[ELEMENT('line')]--><line type="even"><!--[TEXT('line')]-->This line should be unstyled.<!--[/TEXT('line')]--></line><!--[/ELEMENT('line')]-->
  <!--[ELEMENT('line')]--><!--[ELEMENT('[type~=odd]')]--><!--[ELEMENT('line:nth-of-type(odd)')]--><line type="odd"><!--[TEXT('line')]--><!--[TEXT('[type~=odd]')]--><!--[TEXT('line:nth-of-type(odd)')]-->This line should be green.<!--[/TEXT('line:nth-of-type(odd)')]--><!--[/TEXT('[type~=odd]')]--><!--[/TEXT('line')]--></line><!--[/ELEMENT('line:nth-of-type(odd)')]--><!--[/ELEMENT('[type~=odd]')]--><!--[/ELEMENT('line')]-->
  <!--[ELEMENT('line')]--><!--[ELEMENT('[hidden]')]--><line type="even" hidden="hidden"><!--[TEXT('line')]--><!--[TEXT('[hidden]')]-->This line should be unstyled.<!--[/TEXT('[hidden]')]--><!--[/TEXT('line')]--></line><!--[/ELEMENT('[hidden]')]--><!--[/ELEMENT('line')]-->
  <!--[ELEMENT('line')]--><!--[ELEMENT('[type~=odd]')]--><!--[ELEMENT('line:nth-of-type(odd)')]--><line type="odd"><!--[TEXT('line')]--><!--[TEXT('[type~=odd]')]--><!--[TEXT('line:nth-of-type(odd)')]-->This line should be green.<!--[/TEXT('line:nth-of-type(odd)')]--><!--[/TEXT('[type~=odd]')]--><!--[/TEXT('line')]--></line><!--[/ELEMENT('line:nth-of-type(odd)')]--><!--[/ELEMENT('[type~=odd]')]--><!--[/ELEMENT('line')]-->
  <!--[ELEMENT('line')]--><line type="even"><!--[TEXT('line')]-->This line should be unstyled.<!--[/TEXT('line')]--></line><!--[/ELEMENT('line')]-->
  <!--[ELEMENT('line')]--><!--[ELEMENT('[type~=odd]')]--><!--[ELEMENT('line:nth-of-type(odd)')]--><line type="odd"><!--[TEXT('line')]--><!--[TEXT('[type~=odd]')]--><!--[TEXT('line:nth-of-type(odd)')]-->This line should be green.<!--[/TEXT('line:nth-of-type(odd)')]--><!--[/TEXT('[type~=odd]')]--><!--[/TEXT('line')]--></line><!--[/ELEMENT('line:nth-of-type(odd)')]--><!--[/ELEMENT('[type~=odd]')]--><!--[/ELEMENT('line')]-->
  <!--[ELEMENT('line')]--><!--[ELEMENT('[hidden]')]--><line type="even" hidden="hidden"><!--[TEXT('line')]--><!--[TEXT('[hidden]')]-->This line should be unstyled.<!--[/TEXT('[hidden]')]--><!--[/TEXT('line')]--></line><!--[/ELEMENT('[hidden]')]--><!--[/ELEMENT('line')]-->
  <!--[ELEMENT('line')]--><!--[ELEMENT('[type~=odd]')]--><!--[ELEMENT('line:nth-of-type(odd)')]--><!--[ELEMENT('[hidden]')]--><line type="odd" hidden="hidden"><!--[TEXT('line')]--><!--[TEXT('[type~=odd]')]--><!--[TEXT('line:nth-of-type(odd)')]--><!--[TEXT('[hidden]')]-->This line should be green.<!--[/TEXT('[hidden]')]--><!--[/TEXT('line:nth-of-type(odd)')]--><!--[/TEXT('[type~=odd]')]--><!--[/TEXT('line')]--></line><!--[/ELEMENT('[hidden]')]--><!--[/ELEMENT('line:nth-of-type(odd)')]--><!--[/ELEMENT('[type~=odd]')]--><!--[/ELEMENT('line')]-->
  <!--[ELEMENT('line')]--><line type="even"><!--[TEXT('line')]-->This line should be unstyled.<!--[/TEXT('line')]--></line><!--[/ELEMENT('line')]-->
  <!--[ELEMENT('line')]--><!--[ELEMENT('[type~=odd]')]--><!--[ELEMENT('line:nth-of-type(odd)')]--><line type="odd"><!--[TEXT('line')]--><!--[TEXT('[type~=odd]')]--><!--[TEXT('line:nth-of-type(odd)')]-->This line should be green.<!--[/TEXT('line:nth-of-type(odd)')]--><!--[/TEXT('[type~=odd]')]--><!--[/TEXT('line')]--></line><!--[/ELEMENT('line:nth-of-type(odd)')]--><!--[/ELEMENT('[type~=odd]')]--><!--[/ELEMENT('line')]-->
 </test>

</body></html>