<html><head>
  <title>:first-of-type pseudo-class</title>
  <style type="text/css">.red { background-color : red }
address { margin-bottom : 1em ; margin-left : 1em }
address:first-of-type { background-color : lime }
</style>
  <link rel="author" title="Daniel Glazman" href="http://glazman.org/">
  <link rel="help" href="https://www.w3.org/TR/css3-selectors/#selectors"> <!-- bogus link to make sure it gets found -->
  <meta name="flags" content="">
 </head>
 <body>
<div>This div contains 3 addresses:
<!--[ELEMENT('.red')]--><!--[ELEMENT('address')]--><!--[ELEMENT('address:first-of-type')]--><address class="red"><!--[TEXT('.red')]--><!--[TEXT('address')]--><!--[TEXT('address:first-of-type')]-->A first address that should have a green background<!--[/TEXT('address:first-of-type')]--><!--[/TEXT('address')]--><!--[/TEXT('.red')]--></address><!--[/ELEMENT('address:first-of-type')]--><!--[/ELEMENT('address')]--><!--[/ELEMENT('.red')]-->
<!--[ELEMENT('address')]--><address><!--[TEXT('address')]-->A second address with normal background<!--[/TEXT('address')]--></address><!--[/ELEMENT('address')]-->
<!--[ELEMENT('address')]--><address><!--[TEXT('address')]-->A third address with normal background<!--[/TEXT('address')]--></address><!--[/ELEMENT('address')]-->
</div>

</body></html>