<html><head><!--[TEXT('html')]--><!--[TEXT('*:root')]-->
  <!--[/TEXT('*:root')]--><!--[/TEXT('html')]--><title><!--[TEXT('html')]--><!--[TEXT('*:root')]-->:root pseudo-class<!--[/TEXT('*:root')]--><!--[/TEXT('html')]--></title><!--[TEXT('html')]--><!--[TEXT('*:root')]-->
  <!--[/TEXT('*:root')]--><!--[/TEXT('html')]--><style type="text/css"><!--[TEXT('html')]--><!--[TEXT('*:root')]-->html { background-color : red }
*:root { background-color: lime }<!--[/TEXT('*:root')]--><!--[/TEXT('html')]--></style><!--[TEXT('html')]--><!--[TEXT('*:root')]-->
  <!--[/TEXT('*:root')]--><!--[/TEXT('html')]--><link rel="author" title="Daniel Glazman" href="http://glazman.org/"><!--[TEXT('html')]--><!--[TEXT('*:root')]-->
  <!--[/TEXT('*:root')]--><!--[/TEXT('html')]--><link rel="help" href="https://www.w3.org/TR/css3-selectors/#selectors"><!--[TEXT('html')]--><!--[TEXT('*:root')]--> <!--[/TEXT('*:root')]--><!--[/TEXT('html')]--><!--[COMMENT('html')]--><!--[COMMENT('*:root')]--><!-- bogus link to make sure it gets found --><!--[/COMMENT('*:root')]--><!--[/COMMENT('html')]--><!--[TEXT('html')]--><!--[TEXT('*:root')]-->
  <!--[/TEXT('*:root')]--><!--[/TEXT('html')]--><meta name="flags" content=""><!--[TEXT('html')]--><!--[TEXT('*:root')]-->
 <!--[/TEXT('*:root')]--><!--[/TEXT('html')]--></head><!--[TEXT('html')]--><!--[TEXT('*:root')]-->
 <!--[/TEXT('*:root')]--><!--[/TEXT('html')]--><body><!--[TEXT('html')]--><!--[TEXT('*:root')]-->
<!--[/TEXT('*:root')]--><!--[/TEXT('html')]--><p><!--[TEXT('html')]--><!--[TEXT('*:root')]-->The background of the document should be green<!--[/TEXT('*:root')]--><!--[/TEXT('html')]--></p><!--[TEXT('html')]--><!--[TEXT('*:root')]-->

<!--[/TEXT('*:root')]--><!--[/TEXT('html')]--></body></html>